15:43:59 **** Clean-only build of configuration Debug for project HRIF_2010 ****
make clean 
rm -rf  ./src/User_y/Version/Hw_Ver.o  ./src/User_y/Storage/eeprom.o  ./src/User_y/Shell/src/shell.o ./src/User_y/Shell/src/shell_cmd_list.o ./src/User_y/Shell/src/shell_ext.o ./src/User_y/Shell/src/shell_port.o  ./src/User_y/Max9972/Max528.o ./src/User_y/Max9972/Max9972.o  ./src/User_y/IO/IO.o  ./src/User_y/Dev_Ctl/Driver.o ./src/User_y/Dev_Ctl/Reserve.o ./src/User_y/Dev_Ctl/SystemInfo.o ./src/User_y/Dev_Ctl/fpga.o  ./src/User_y/Debug/Debug.o  ./src/User_y/DataStruct/orderstruct.o  ./src/User_y/DS1337_RTC/DS1337.o  ./src/User_y/ADS8688/Ads8688.o  ./src/User_j/System/System_State/system_state.o  ./src/User_j/System/Main/main.o  ./src/User_j/System/Error_Handler/error_handler.o  ./src/User_j/System/Device/Spiflash/w25q256.o  ./src/User_j/System/Device/QSPI/QSPI_Device/mt25ql512.o  ./src/User_j/System/Device/QSPI/QSPI_BUS/qspi_bus.o  ./src/User_j/System/Device/Insert_status/insert_status.o  ./src/User_j/System/Device/Ethernet/Verify/verify.o  ./src/User_j/System/Device/Ethernet/Tcp/tcp_server.o  ./src/User_j/System/Device/Ethernet/Operation/operation.o  ./src/User_j/System/Device/Ethernet/App_Layer_Protocol/app_layer_protocol.o  ./src/User_j/System/Device/Ethernet/Ack/ack.o  ./src/User_j/System/Device/Emio/system_emio.o  ./src/User_j/System/Device/DPS/ISL8272/isl8272.o  ./src/User_j/System/Device/DPS/FPGA_CTRL/fpga_ctrl.o  ./src/User_j/System/Device/DPS/DPS_Info/dps_info.o  ./src/User_j/System/Device/DPS/DAC/ad5694.o  ./src/User_j/System/Device/DPS/ADC/isl28023.o  ./src/Peripherals/Uartps/Uart1.o  ./src/Peripherals/Spi/Spi.o  ./src/Peripherals/SMBus/SMBus.o  ./src/Peripherals/Interrupt/Interrupt.o  ./src/Peripherals/IIC/IIC.o  ./src/Peripherals/Gpio/Gpio.o  ./src/Peripherals/Assist/Error.o  ./src/GlobalRef.o  ./src/User_y/Version/Hw_Ver.d  ./src/User_y/Storage/eeprom.d  ./src/User_y/Shell/src/shell.d ./src/User_y/Shell/src/shell_cmd_list.d ./src/User_y/Shell/src/shell_ext.d ./src/User_y/Shell/src/shell_port.d  ./src/User_y/Max9972/Max528.d ./src/User_y/Max9972/Max9972.d  ./src/User_y/IO/IO.d  ./src/User_y/Dev_Ctl/Driver.d ./src/User_y/Dev_Ctl/Reserve.d ./src/User_y/Dev_Ctl/SystemInfo.d ./src/User_y/Dev_Ctl/fpga.d  ./src/User_y/Debug/Debug.d  ./src/User_y/DataStruct/orderstruct.d  ./src/User_y/DS1337_RTC/DS1337.d  ./src/User_y/ADS8688/Ads8688.d  ./src/User_j/System/System_State/system_state.d  ./src/User_j/System/Main/main.d  ./src/User_j/System/Error_Handler/error_handler.d  ./src/User_j/System/Device/Spiflash/w25q256.d  ./src/User_j/System/Device/QSPI/QSPI_Device/mt25ql512.d  ./src/User_j/System/Device/QSPI/QSPI_BUS/qspi_bus.d  ./src/User_j/System/Device/Insert_status/insert_status.d  ./src/User_j/System/Device/Ethernet/Verify/verify.d  ./src/User_j/System/Device/Ethernet/Tcp/tcp_server.d  ./src/User_j/System/Device/Ethernet/Operation/operation.d  ./src/User_j/System/Device/Ethernet/App_Layer_Protocol/app_layer_protocol.d  ./src/User_j/System/Device/Ethernet/Ack/ack.d  ./src/User_j/System/Device/Emio/system_emio.d  ./src/User_j/System/Device/DPS/ISL8272/isl8272.d  ./src/User_j/System/Device/DPS/FPGA_CTRL/fpga_ctrl.d  ./src/User_j/System/Device/DPS/DPS_Info/dps_info.d  ./src/User_j/System/Device/DPS/DAC/ad5694.d  ./src/User_j/System/Device/DPS/ADC/isl28023.d  ./src/Peripherals/Uartps/Uart1.d  ./src/Peripherals/Spi/Spi.d  ./src/Peripherals/SMBus/SMBus.d  ./src/Peripherals/Interrupt/Interrupt.d  ./src/Peripherals/IIC/IIC.d  ./src/Peripherals/Gpio/Gpio.d  ./src/Peripherals/Assist/Error.d  ./src/GlobalRef.d  HRIF_2010.elf.size  HRIF_2010.elf
' '
15:44:01 **** Clean-only build of project HRIF_2010_bsp ****
make -k clean 
rm -f ps7_cortexa9_0/lib/libxil.a
15:44:02 **** Build of project HRIF_2010_bsp ****
make -k all 
"Running Make include in ps7_cortexa9_0/libsrc/coresightps_dcc_v1_2/src"
make -C ps7_cortexa9_0/libsrc/coresightps_dcc_v1_2/src -s include  "SHELL=CMD" "COMPILER=arm-xilinx-eabi-gcc" "ARCHIVER=arm-xilinx-eabi-ar" "COMPILER_FLAGS=  -O2 -c" "EXTRA_COMPILER_FLAGS=-g"
"Running Make include in ps7_cortexa9_0/libsrc/cpu_cortexa9_v2_1/src"
make -C ps7_cortexa9_0/libsrc/cpu_cortexa9_v2_1/src -s include  "SHELL=CMD" "COMPILER=arm-xilinx-eabi-gcc" "ARCHIVER=arm-xilinx-eabi-ar" "COMPILER_FLAGS=  -O2 -c" "EXTRA_COMPILER_FLAGS=-g"
"Running Make include in ps7_cortexa9_0/libsrc/ddrps_v1_0/src"
make -C ps7_cortexa9_0/libsrc/ddrps_v1_0/src -s include  "SHELL=CMD" "COMPILER=arm-xilinx-eabi-gcc" "ARCHIVER=arm-xilinx-eabi-ar" "COMPILER_FLAGS=  -O2 -c" "EXTRA_COMPILER_FLAGS=-g"
"Running Make include in ps7_cortexa9_0/libsrc/devcfg_v3_3/src"
make -C ps7_cortexa9_0/libsrc/devcfg_v3_3/src -s include  "SHELL=CMD" "COMPILER=arm-xilinx-eabi-gcc" "ARCHIVER=arm-xilinx-eabi-ar" "COMPILER_FLAGS=  -O2 -c" "EXTRA_COMPILER_FLAGS=-g"
"Running Make include in ps7_cortexa9_0/libsrc/dmaps_v2_1/src"
make -C ps7_cortexa9_0/libsrc/dmaps_v2_1/src -s include  "SHELL=CMD" "COMPILER=arm-xilinx-eabi-gcc" "ARCHIVER=arm-xilinx-eabi-ar" "COMPILER_FLAGS=  -O2 -c" "EXTRA_COMPILER_FLAGS=-g"
"Running Make include in ps7_cortexa9_0/libsrc/emacps_v3_1/src"
make -C ps7_cortexa9_0/libsrc/emacps_v3_1/src -s include  "SHELL=CMD" "COMPILER=arm-xilinx-eabi-gcc" "ARCHIVER=arm-xilinx-eabi-ar" "COMPILER_FLAGS=  -O2 -c" "EXTRA_COMPILER_FLAGS=-g"
"Running Make include in ps7_cortexa9_0/libsrc/freertos823_xilinx_v1_0/src"
make -C ps7_cortexa9_0/libsrc/freertos823_xilinx_v1_0/src -s include  "SHELL=CMD" "COMPILER=arm-xilinx-eabi-gcc" "ARCHIVER=arm-xilinx-eabi-ar" "COMPILER_FLAGS=  -O2 -c" "EXTRA_COMPILER_FLAGS=-g"
"include"
"Running Make include in ps7_cortexa9_0/libsrc/gpiops_v3_1/src"
make -C ps7_cortexa9_0/libsrc/gpiops_v3_1/src -s include  "SHELL=CMD" "COMPILER=arm-xilinx-eabi-gcc" "ARCHIVER=arm-xilinx-eabi-ar" "COMPILER_FLAGS=  -O2 -c" "EXTRA_COMPILER_FLAGS=-g"
"Running Make include in ps7_cortexa9_0/libsrc/iicps_v3_0/src"
make -C ps7_cortexa9_0/libsrc/iicps_v3_0/src -s include  "SHELL=CMD" "COMPILER=arm-xilinx-eabi-gcc" "ARCHIVER=arm-xilinx-eabi-ar" "COMPILER_FLAGS=  -O2 -c" "EXTRA_COMPILER_FLAGS=-g"
"Running Make include in ps7_cortexa9_0/libsrc/lwip141_v1_3/src"
make -C ps7_cortexa9_0/libsrc/lwip141_v1_3/src -s include  "SHELL=CMD" "COMPILER=arm-xilinx-eabi-gcc" "ARCHIVER=arm-xilinx-eabi-ar" "COMPILER_FLAGS=  -O2 -c" "EXTRA_COMPILER_FLAGS=-g"
"Running Make include in ps7_cortexa9_0/libsrc/qspips_v3_2/src"
make -C ps7_cortexa9_0/libsrc/qspips_v3_2/src -s include  "SHELL=CMD" "COMPILER=arm-xilinx-eabi-gcc" "ARCHIVER=arm-xilinx-eabi-ar" "COMPILER_FLAGS=  -O2 -c" "EXTRA_COMPILER_FLAGS=-g"
"Running Make include in ps7_cortexa9_0/libsrc/scugic_v3_1/src"
make -C ps7_cortexa9_0/libsrc/scugic_v3_1/src -s include  "SHELL=CMD" "COMPILER=arm-xilinx-eabi-gcc" "ARCHIVER=arm-xilinx-eabi-ar" "COMPILER_FLAGS=  -O2 -c" "EXTRA_COMPILER_FLAGS=-g"
"Running Make include in ps7_cortexa9_0/libsrc/scutimer_v2_1/src"
make -C ps7_cortexa9_0/libsrc/scutimer_v2_1/src -s include  "SHELL=CMD" "COMPILER=arm-xilinx-eabi-gcc" "ARCHIVER=arm-xilinx-eabi-ar" "COMPILER_FLAGS=  -O2 -c" "EXTRA_COMPILER_FLAGS=-g"
"Running Make include in ps7_cortexa9_0/libsrc/scuwdt_v2_1/src"
make -C ps7_cortexa9_0/libsrc/scuwdt_v2_1/src -s include  "SHELL=CMD" "COMPILER=arm-xilinx-eabi-gcc" "ARCHIVER=arm-xilinx-eabi-ar" "COMPILER_FLAGS=  -O2 -c" "EXTRA_COMPILER_FLAGS=-g"
"Running Make include in ps7_cortexa9_0/libsrc/sdps_v2_6/src"
make -C ps7_cortexa9_0/libsrc/sdps_v2_6/src -s include  "SHELL=CMD" "COMPILER=arm-xilinx-eabi-gcc" "ARCHIVER=arm-xilinx-eabi-ar" "COMPILER_FLAGS=  -O2 -c" "EXTRA_COMPILER_FLAGS=-g"
"Running Make include in ps7_cortexa9_0/libsrc/spips_v3_0/src"
make -C ps7_cortexa9_0/libsrc/spips_v3_0/src -s include  "SHELL=CMD" "COMPILER=arm-xilinx-eabi-gcc" "ARCHIVER=arm-xilinx-eabi-ar" "COMPILER_FLAGS=  -O2 -c" "EXTRA_COMPILER_FLAGS=-g"
"Running Make include in ps7_cortexa9_0/libsrc/uartps_v3_1/src"
make -C ps7_cortexa9_0/libsrc/uartps_v3_1/src -s include  "SHELL=CMD" "COMPILER=arm-xilinx-eabi-gcc" "ARCHIVER=arm-xilinx-eabi-ar" "COMPILER_FLAGS=  -O2 -c" "EXTRA_COMPILER_FLAGS=-g"
"Running Make include in ps7_cortexa9_0/libsrc/usbps_v2_2/src"
make -C ps7_cortexa9_0/libsrc/usbps_v2_2/src -s include  "SHELL=CMD" "COMPILER=arm-xilinx-eabi-gcc" "ARCHIVER=arm-xilinx-eabi-ar" "COMPILER_FLAGS=  -O2 -c" "EXTRA_COMPILER_FLAGS=-g"
"Running Make include in ps7_cortexa9_0/libsrc/xadcps_v2_2/src"
make -C ps7_cortexa9_0/libsrc/xadcps_v2_2/src -s include  "SHELL=CMD" "COMPILER=arm-xilinx-eabi-gcc" "ARCHIVER=arm-xilinx-eabi-ar" "COMPILER_FLAGS=  -O2 -c" "EXTRA_COMPILER_FLAGS=-g"
"Running Make libs in ps7_cortexa9_0/libsrc/coresightps_dcc_v1_2/src"
make -C ps7_cortexa9_0/libsrc/coresightps_dcc_v1_2/src -s libs  "SHELL=CMD" "COMPILER=arm-xilinx-eabi-gcc" "ARCHIVER=arm-xilinx-eabi-ar" "COMPILER_FLAGS=  -O2 -c" "EXTRA_COMPILER_FLAGS=-g"
"Compiling coresightps_dcc"
arm-xilinx-eabi-ar: creating ../../../lib/libxil.a
"Running Make libs in ps7_cortexa9_0/libsrc/cpu_cortexa9_v2_1/src"
make -C ps7_cortexa9_0/libsrc/cpu_cortexa9_v2_1/src -s libs  "SHELL=CMD" "COMPILER=arm-xilinx-eabi-gcc" "ARCHIVER=arm-xilinx-eabi-ar" "COMPILER_FLAGS=  -O2 -c" "EXTRA_COMPILER_FLAGS=-g"
"Compiling cpu_cortexa9"
"Running Make libs in ps7_cortexa9_0/libsrc/ddrps_v1_0/src"
make -C ps7_cortexa9_0/libsrc/ddrps_v1_0/src -s libs  "SHELL=CMD" "COMPILER=arm-xilinx-eabi-gcc" "ARCHIVER=arm-xilinx-eabi-ar" "COMPILER_FLAGS=  -O2 -c" "EXTRA_COMPILER_FLAGS=-g"
"Compiling ddrps"
"Running Make libs in ps7_cortexa9_0/libsrc/devcfg_v3_3/src"
make -C ps7_cortexa9_0/libsrc/devcfg_v3_3/src -s libs  "SHELL=CMD" "COMPILER=arm-xilinx-eabi-gcc" "ARCHIVER=arm-xilinx-eabi-ar" "COMPILER_FLAGS=  -O2 -c" "EXTRA_COMPILER_FLAGS=-g"
"Compiling devcfg"
"Running Make libs in ps7_cortexa9_0/libsrc/dmaps_v2_1/src"
make -C ps7_cortexa9_0/libsrc/dmaps_v2_1/src -s libs  "SHELL=CMD" "COMPILER=arm-xilinx-eabi-gcc" "ARCHIVER=arm-xilinx-eabi-ar" "COMPILER_FLAGS=  -O2 -c" "EXTRA_COMPILER_FLAGS=-g"
"Compiling dmaps"
"Running Make libs in ps7_cortexa9_0/libsrc/emacps_v3_1/src"
make -C ps7_cortexa9_0/libsrc/emacps_v3_1/src -s libs  "SHELL=CMD" "COMPILER=arm-xilinx-eabi-gcc" "ARCHIVER=arm-xilinx-eabi-ar" "COMPILER_FLAGS=  -O2 -c" "EXTRA_COMPILER_FLAGS=-g"
"Compiling emacps"
"Running Make libs in ps7_cortexa9_0/libsrc/freertos823_xilinx_v1_0/src"
make -C ps7_cortexa9_0/libsrc/freertos823_xilinx_v1_0/src -s libs  "SHELL=CMD" "COMPILER=arm-xilinx-eabi-gcc" "ARCHIVER=arm-xilinx-eabi-ar" "COMPILER_FLAGS=  -O2 -c" "EXTRA_COMPILER_FLAGS=-g"
"Compiling standalone"
"Compiling FreeRTOS"
"Running Make libs in ps7_cortexa9_0/libsrc/gpiops_v3_1/src"
make -C ps7_cortexa9_0/libsrc/gpiops_v3_1/src -s libs  "SHELL=CMD" "COMPILER=arm-xilinx-eabi-gcc" "ARCHIVER=arm-xilinx-eabi-ar" "COMPILER_FLAGS=  -O2 -c" "EXTRA_COMPILER_FLAGS=-g"
"Compiling gpiops"
"Running Make libs in ps7_cortexa9_0/libsrc/iicps_v3_0/src"
make -C ps7_cortexa9_0/libsrc/iicps_v3_0/src -s libs  "SHELL=CMD" "COMPILER=arm-xilinx-eabi-gcc" "ARCHIVER=arm-xilinx-eabi-ar" "COMPILER_FLAGS=  -O2 -c" "EXTRA_COMPILER_FLAGS=-g"
"Compiling iicps"
"Running Make libs in ps7_cortexa9_0/libsrc/lwip141_v1_3/src"
make -C ps7_cortexa9_0/libsrc/lwip141_v1_3/src -s libs  "SHELL=CMD" "COMPILER=arm-xilinx-eabi-gcc" "ARCHIVER=arm-xilinx-eabi-ar" "COMPILER_FLAGS=  -O2 -c" "EXTRA_COMPILER_FLAGS=-g"
"Compiling lwip src and adapter files"
"Running Make libs in ps7_cortexa9_0/libsrc/qspips_v3_2/src"
make -C ps7_cortexa9_0/libsrc/qspips_v3_2/src -s libs  "SHELL=CMD" "COMPILER=arm-xilinx-eabi-gcc" "ARCHIVER=arm-xilinx-eabi-ar" "COMPILER_FLAGS=  -O2 -c" "EXTRA_COMPILER_FLAGS=-g"
"Compiling qspips"
"Running Make libs in ps7_cortexa9_0/libsrc/scugic_v3_1/src"
make -C ps7_cortexa9_0/libsrc/scugic_v3_1/src -s libs  "SHELL=CMD" "COMPILER=arm-xilinx-eabi-gcc" "ARCHIVER=arm-xilinx-eabi-ar" "COMPILER_FLAGS=  -O2 -c" "EXTRA_COMPILER_FLAGS=-g"
"Compiling scugic"
"Running Make libs in ps7_cortexa9_0/libsrc/scutimer_v2_1/src"
make -C ps7_cortexa9_0/libsrc/scutimer_v2_1/src -s libs  "SHELL=CMD" "COMPILER=arm-xilinx-eabi-gcc" "ARCHIVER=arm-xilinx-eabi-ar" "COMPILER_FLAGS=  -O2 -c" "EXTRA_COMPILER_FLAGS=-g"
"Compiling scutimer"
"Running Make libs in ps7_cortexa9_0/libsrc/scuwdt_v2_1/src"
make -C ps7_cortexa9_0/libsrc/scuwdt_v2_1/src -s libs  "SHELL=CMD" "COMPILER=arm-xilinx-eabi-gcc" "ARCHIVER=arm-xilinx-eabi-ar" "COMPILER_FLAGS=  -O2 -c" "EXTRA_COMPILER_FLAGS=-g"
"Compiling scuwdt"
"Running Make libs in ps7_cortexa9_0/libsrc/sdps_v2_6/src"
make -C ps7_cortexa9_0/libsrc/sdps_v2_6/src -s libs  "SHELL=CMD" "COMPILER=arm-xilinx-eabi-gcc" "ARCHIVER=arm-xilinx-eabi-ar" "COMPILER_FLAGS=  -O2 -c" "EXTRA_COMPILER_FLAGS=-g"
"Compiling sdps"
"Running Make libs in ps7_cortexa9_0/libsrc/spips_v3_0/src"
make -C ps7_cortexa9_0/libsrc/spips_v3_0/src -s libs  "SHELL=CMD" "COMPILER=arm-xilinx-eabi-gcc" "ARCHIVER=arm-xilinx-eabi-ar" "COMPILER_FLAGS=  -O2 -c" "EXTRA_COMPILER_FLAGS=-g"
"Compiling spips"
"Running Make libs in ps7_cortexa9_0/libsrc/uartps_v3_1/src"
make -C ps7_cortexa9_0/libsrc/uartps_v3_1/src -s libs  "SHELL=CMD" "COMPILER=arm-xilinx-eabi-gcc" "ARCHIVER=arm-xilinx-eabi-ar" "COMPILER_FLAGS=  -O2 -c" "EXTRA_COMPILER_FLAGS=-g"
"Compiling uartps"
"Running Make libs in ps7_cortexa9_0/libsrc/usbps_v2_2/src"
make -C ps7_cortexa9_0/libsrc/usbps_v2_2/src -s libs  "SHELL=CMD" "COMPILER=arm-xilinx-eabi-gcc" "ARCHIVER=arm-xilinx-eabi-ar" "COMPILER_FLAGS=  -O2 -c" "EXTRA_COMPILER_FLAGS=-g"
"Compiling usbps"
"Running Make libs in ps7_cortexa9_0/libsrc/xadcps_v2_2/src"
make -C ps7_cortexa9_0/libsrc/xadcps_v2_2/src -s libs  "SHELL=CMD" "COMPILER=arm-xilinx-eabi-gcc" "ARCHIVER=arm-xilinx-eabi-ar" "COMPILER_FLAGS=  -O2 -c" "EXTRA_COMPILER_FLAGS=-g"
"Compiling xadcps"
'Finished building libraries'
15:46:46 **** Build of configuration Debug for project HRIF_2010 ****
make all 
'Building file: ../src/User_y/Version/Hw_Ver.c'
'Invoking: ARM gcc compiler'
arm-xilinx-eabi-gcc -Wall -O0 -g3 -I../../HRIF_2010_bsp/ps7_cortexa9_0/include -I"E:\Benchmaking_DI\Software\LSIC_2000\DI_SLIC2000\HRIF_2010\src" -I"E:\Benchmaking_DI\Software\LSIC_2000\DI_SLIC2000\HRIF_2010\src\User_j\Include\Device\Emio" -I"E:\Benchmaking_DI\Software\LSIC_2000\DI_SLIC2000\HRIF_2010\src\User_j\Include\Device\Ethernet" -I"E:\Benchmaking_DI\Software\LSIC_2000\DI_SLIC2000\HRIF_2010\src\User_j\Include\Device\QSPI" -I"E:\Benchmaking_DI\Software\LSIC_2000\DI_SLIC2000\HRIF_2010\src\User_j\Include\Device\Spiflash" -I"E:\Benchmaking_DI\Software\LSIC_2000\DI_SLIC2000\HRIF_2010\src\User_j\Include\Error_Handler" -I"E:\Benchmaking_DI\Software\LSIC_2000\DI_SLIC2000\HRIF_2010\src\User_j\Include\Main" -I"E:\Benchmaking_DI\Software\LSIC_2000\DI_SLIC2000\HRIF_2010\src\User_j\Include\Others" -I"E:\Benchmaking_DI\Software\LSIC_2000\DI_SLIC2000\HRIF_2010\src\User_j\Include\System_State" -I"E:\Benchmaking_DI\Software\LSIC_2000\DI_SLIC2000\HRIF_2010\src\User_y\Include" -I"E:\Benchmaking_DI\Software\LSIC_2000\DI_SLIC2000\HRIF_2010\src\Peripherals\Include" -I"E:\Benchmaking_DI\Software\LSIC_2000\DI_SLIC2000\HRIF_2010\src\User_y\Shell\inc" -I"E:\Benchmaking_DI\Software\LSIC_2000\DI_SLIC2000\HRIF_2010\src\User_j\Include\Device\DPS" -I"E:\Benchmaking_DI\Software\LSIC_2000\DI_SLIC2000\HRIF_2010\src\User_j\Include\Insert_status" -c -fmessage-length=0 -MT"src/User_y/Version/Hw_Ver.o" -MMD -MP -MF"src/User_y/Version/Hw_Ver.d" -MT"src/User_y/Version/Hw_Ver.d" -o "src/User_y/Version/Hw_Ver.o" "../src/User_y/Version/Hw_Ver.c"
'Finished building: ../src/User_y/Version/Hw_Ver.c'
' '
'Building file: ../src/User_y/Storage/eeprom.c'
'Invoking: ARM gcc compiler'
arm-xilinx-eabi-gcc -Wall -O0 -g3 -I../../HRIF_2010_bsp/ps7_cortexa9_0/include -I"E:\Benchmaking_DI\Software\LSIC_2000\DI_SLIC2000\HRIF_2010\src" -I"E:\Benchmaking_DI\Software\LSIC_2000\DI_SLIC2000\HRIF_2010\src\User_j\Include\Device\Emio" -I"E:\Benchmaking_DI\Software\LSIC_2000\DI_SLIC2000\HRIF_2010\src\User_j\Include\Device\Ethernet" -I"E:\Benchmaking_DI\Software\LSIC_2000\DI_SLIC2000\HRIF_2010\src\User_j\Include\Device\QSPI" -I"E:\Benchmaking_DI\Software\LSIC_2000\DI_SLIC2000\HRIF_2010\src\User_j\Include\Device\Spiflash" -I"E:\Benchmaking_DI\Software\LSIC_2000\DI_SLIC2000\HRIF_2010\src\User_j\Include\Error_Handler" -I"E:\Benchmaking_DI\Software\LSIC_2000\DI_SLIC2000\HRIF_2010\src\User_j\Include\Main" -I"E:\Benchmaking_DI\Software\LSIC_2000\DI_SLIC2000\HRIF_2010\src\User_j\Include\Others" -I"E:\Benchmaking_DI\Software\LSIC_2000\DI_SLIC2000\HRIF_2010\src\User_j\Include\System_State" -I"E:\Benchmaking_DI\Software\LSIC_2000\DI_SLIC2000\HRIF_2010\src\User_y\Include" -I"E:\Benchmaking_DI\Software\LSIC_2000\DI_SLIC2000\HRIF_2010\src\Peripherals\Include" -I"E:\Benchmaking_DI\Software\LSIC_2000\DI_SLIC2000\HRIF_2010\src\User_y\Shell\inc" -I"E:\Benchmaking_DI\Software\LSIC_2000\DI_SLIC2000\HRIF_2010\src\User_j\Include\Device\DPS" -I"E:\Benchmaking_DI\Software\LSIC_2000\DI_SLIC2000\HRIF_2010\src\User_j\Include\Insert_status" -c -fmessage-length=0 -MT"src/User_y/Storage/eeprom.o" -MMD -MP -MF"src/User_y/Storage/eeprom.d" -MT"src/User_y/Storage/eeprom.d" -o "src/User_y/Storage/eeprom.o" "../src/User_y/Storage/eeprom.c"
'Finished building: ../src/User_y/Storage/eeprom.c'
' '
'Building file: ../src/User_y/Shell/src/shell.c'
'Invoking: ARM gcc compiler'
arm-xilinx-eabi-gcc -Wall -O0 -g3 -I../../HRIF_2010_bsp/ps7_cortexa9_0/include -I"E:\Benchmaking_DI\Software\LSIC_2000\DI_SLIC2000\HRIF_2010\src" -I"E:\Benchmaking_DI\Software\LSIC_2000\DI_SLIC2000\HRIF_2010\src\User_j\Include\Device\Emio" -I"E:\Benchmaking_DI\Software\LSIC_2000\DI_SLIC2000\HRIF_2010\src\User_j\Include\Device\Ethernet" -I"E:\Benchmaking_DI\Software\LSIC_2000\DI_SLIC2000\HRIF_2010\src\User_j\Include\Device\QSPI" -I"E:\Benchmaking_DI\Software\LSIC_2000\DI_SLIC2000\HRIF_2010\src\User_j\Include\Device\Spiflash" -I"E:\Benchmaking_DI\Software\LSIC_2000\DI_SLIC2000\HRIF_2010\src\User_j\Include\Error_Handler" -I"E:\Benchmaking_DI\Software\LSIC_2000\DI_SLIC2000\HRIF_2010\src\User_j\Include\Main" -I"E:\Benchmaking_DI\Software\LSIC_2000\DI_SLIC2000\HRIF_2010\src\User_j\Include\Others" -I"E:\Benchmaking_DI\Software\LSIC_2000\DI_SLIC2000\HRIF_2010\src\User_j\Include\System_State" -I"E:\Benchmaking_DI\Software\LSIC_2000\DI_SLIC2000\HRIF_2010\src\User_y\Include" -I"E:\Benchmaking_DI\Software\LSIC_2000\DI_SLIC2000\HRIF_2010\src\Peripherals\Include" -I"E:\Benchmaking_DI\Software\LSIC_2000\DI_SLIC2000\HRIF_2010\src\User_y\Shell\inc" -I"E:\Benchmaking_DI\Software\LSIC_2000\DI_SLIC2000\HRIF_2010\src\User_j\Include\Device\DPS" -I"E:\Benchmaking_DI\Software\LSIC_2000\DI_SLIC2000\HRIF_2010\src\User_j\Include\Insert_status" -c -fmessage-length=0 -MT"src/User_y/Shell/src/shell.o" -MMD -MP -MF"src/User_y/Shell/src/shell.d" -MT"src/User_y/Shell/src/shell.d" -o "src/User_y/Shell/src/shell.o" "../src/User_y/Shell/src/shell.c"
'Finished building: ../src/User_y/Shell/src/shell.c'
' '
'Building file: ../src/User_y/Shell/src/shell_cmd_list.c'
'Invoking: ARM gcc compiler'
arm-xilinx-eabi-gcc -Wall -O0 -g3 -I../../HRIF_2010_bsp/ps7_cortexa9_0/include -I"E:\Benchmaking_DI\Software\LSIC_2000\DI_SLIC2000\HRIF_2010\src" -I"E:\Benchmaking_DI\Software\LSIC_2000\DI_SLIC2000\HRIF_2010\src\User_j\Include\Device\Emio" -I"E:\Benchmaking_DI\Software\LSIC_2000\DI_SLIC2000\HRIF_2010\src\User_j\Include\Device\Ethernet" -I"E:\Benchmaking_DI\Software\LSIC_2000\DI_SLIC2000\HRIF_2010\src\User_j\Include\Device\QSPI" -I"E:\Benchmaking_DI\Software\LSIC_2000\DI_SLIC2000\HRIF_2010\src\User_j\Include\Device\Spiflash" -I"E:\Benchmaking_DI\Software\LSIC_2000\DI_SLIC2000\HRIF_2010\src\User_j\Include\Error_Handler" -I"E:\Benchmaking_DI\Software\LSIC_2000\DI_SLIC2000\HRIF_2010\src\User_j\Include\Main" -I"E:\Benchmaking_DI\Software\LSIC_2000\DI_SLIC2000\HRIF_2010\src\User_j\Include\Others" -I"E:\Benchmaking_DI\Software\LSIC_2000\DI_SLIC2000\HRIF_2010\src\User_j\Include\System_State" -I"E:\Benchmaking_DI\Software\LSIC_2000\DI_SLIC2000\HRIF_2010\src\User_y\Include" -I"E:\Benchmaking_DI\Software\LSIC_2000\DI_SLIC2000\HRIF_2010\src\Peripherals\Include" -I"E:\Benchmaking_DI\Software\LSIC_2000\DI_SLIC2000\HRIF_2010\src\User_y\Shell\inc" -I"E:\Benchmaking_DI\Software\LSIC_2000\DI_SLIC2000\HRIF_2010\src\User_j\Include\Device\DPS" -I"E:\Benchmaking_DI\Software\LSIC_2000\DI_SLIC2000\HRIF_2010\src\User_j\Include\Insert_status" -c -fmessage-length=0 -MT"src/User_y/Shell/src/shell_cmd_list.o" -MMD -MP -MF"src/User_y/Shell/src/shell_cmd_list.d" -MT"src/User_y/Shell/src/shell_cmd_list.d" -o "src/User_y/Shell/src/shell_cmd_list.o" "../src/User_y/Shell/src/shell_cmd_list.c"
'Finished building: ../src/User_y/Shell/src/shell_cmd_list.c'
' '
'Building file: ../src/User_y/Shell/src/shell_ext.c'
'Invoking: ARM gcc compiler'
arm-xilinx-eabi-gcc -Wall -O0 -g3 -I../../HRIF_2010_bsp/ps7_cortexa9_0/include -I"E:\Benchmaking_DI\Software\LSIC_2000\DI_SLIC2000\HRIF_2010\src" -I"E:\Benchmaking_DI\Software\LSIC_2000\DI_SLIC2000\HRIF_2010\src\User_j\Include\Device\Emio" -I"E:\Benchmaking_DI\Software\LSIC_2000\DI_SLIC2000\HRIF_2010\src\User_j\Include\Device\Ethernet" -I"E:\Benchmaking_DI\Software\LSIC_2000\DI_SLIC2000\HRIF_2010\src\User_j\Include\Device\QSPI" -I"E:\Benchmaking_DI\Software\LSIC_2000\DI_SLIC2000\HRIF_2010\src\User_j\Include\Device\Spiflash" -I"E:\Benchmaking_DI\Software\LSIC_2000\DI_SLIC2000\HRIF_2010\src\User_j\Include\Error_Handler" -I"E:\Benchmaking_DI\Software\LSIC_2000\DI_SLIC2000\HRIF_2010\src\User_j\Include\Main" -I"E:\Benchmaking_DI\Software\LSIC_2000\DI_SLIC2000\HRIF_2010\src\User_j\Include\Others" -I"E:\Benchmaking_DI\Software\LSIC_2000\DI_SLIC2000\HRIF_2010\src\User_j\Include\System_State" -I"E:\Benchmaking_DI\Software\LSIC_2000\DI_SLIC2000\HRIF_2010\src\User_y\Include" -I"E:\Benchmaking_DI\Software\LSIC_2000\DI_SLIC2000\HRIF_2010\src\Peripherals\Include" -I"E:\Benchmaking_DI\Software\LSIC_2000\DI_SLIC2000\HRIF_2010\src\User_y\Shell\inc" -I"E:\Benchmaking_DI\Software\LSIC_2000\DI_SLIC2000\HRIF_2010\src\User_j\Include\Device\DPS" -I"E:\Benchmaking_DI\Software\LSIC_2000\DI_SLIC2000\HRIF_2010\src\User_j\Include\Insert_status" -c -fmessage-length=0 -MT"src/User_y/Shell/src/shell_ext.o" -MMD -MP -MF"src/User_y/Shell/src/shell_ext.d" -MT"src/User_y/Shell/src/shell_ext.d" -o "src/User_y/Shell/src/shell_ext.o" "../src/User_y/Shell/src/shell_ext.c"
'Finished building: ../src/User_y/Shell/src/shell_ext.c'
' '
'Building file: ../src/User_y/Shell/src/shell_port.c'
'Invoking: ARM gcc compiler'
arm-xilinx-eabi-gcc -Wall -O0 -g3 -I../../HRIF_2010_bsp/ps7_cortexa9_0/include -I"E:\Benchmaking_DI\Software\LSIC_2000\DI_SLIC2000\HRIF_2010\src" -I"E:\Benchmaking_DI\Software\LSIC_2000\DI_SLIC2000\HRIF_2010\src\User_j\Include\Device\Emio" -I"E:\Benchmaking_DI\Software\LSIC_2000\DI_SLIC2000\HRIF_2010\src\User_j\Include\Device\Ethernet" -I"E:\Benchmaking_DI\Software\LSIC_2000\DI_SLIC2000\HRIF_2010\src\User_j\Include\Device\QSPI" -I"E:\Benchmaking_DI\Software\LSIC_2000\DI_SLIC2000\HRIF_2010\src\User_j\Include\Device\Spiflash" -I"E:\Benchmaking_DI\Software\LSIC_2000\DI_SLIC2000\HRIF_2010\src\User_j\Include\Error_Handler" -I"E:\Benchmaking_DI\Software\LSIC_2000\DI_SLIC2000\HRIF_2010\src\User_j\Include\Main" -I"E:\Benchmaking_DI\Software\LSIC_2000\DI_SLIC2000\HRIF_2010\src\User_j\Include\Others" -I"E:\Benchmaking_DI\Software\LSIC_2000\DI_SLIC2000\HRIF_2010\src\User_j\Include\System_State" -I"E:\Benchmaking_DI\Software\LSIC_2000\DI_SLIC2000\HRIF_2010\src\User_y\Include" -I"E:\Benchmaking_DI\Software\LSIC_2000\DI_SLIC2000\HRIF_2010\src\Peripherals\Include" -I"E:\Benchmaking_DI\Software\LSIC_2000\DI_SLIC2000\HRIF_2010\src\User_y\Shell\inc" -I"E:\Benchmaking_DI\Software\LSIC_2000\DI_SLIC2000\HRIF_2010\src\User_j\Include\Device\DPS" -I"E:\Benchmaking_DI\Software\LSIC_2000\DI_SLIC2000\HRIF_2010\src\User_j\Include\Insert_status" -c -fmessage-length=0 -MT"src/User_y/Shell/src/shell_port.o" -MMD -MP -MF"src/User_y/Shell/src/shell_port.d" -MT"src/User_y/Shell/src/shell_port.d" -o "src/User_y/Shell/src/shell_port.o" "../src/User_y/Shell/src/shell_port.c"
'Finished building: ../src/User_y/Shell/src/shell_port.c'
' '
'Building file: ../src/User_y/Max9972/Max528.c'
'Invoking: ARM gcc compiler'
arm-xilinx-eabi-gcc -Wall -O0 -g3 -I../../HRIF_2010_bsp/ps7_cortexa9_0/include -I"E:\Benchmaking_DI\Software\LSIC_2000\DI_SLIC2000\HRIF_2010\src" -I"E:\Benchmaking_DI\Software\LSIC_2000\DI_SLIC2000\HRIF_2010\src\User_j\Include\Device\Emio" -I"E:\Benchmaking_DI\Software\LSIC_2000\DI_SLIC2000\HRIF_2010\src\User_j\Include\Device\Ethernet" -I"E:\Benchmaking_DI\Software\LSIC_2000\DI_SLIC2000\HRIF_2010\src\User_j\Include\Device\QSPI" -I"E:\Benchmaking_DI\Software\LSIC_2000\DI_SLIC2000\HRIF_2010\src\User_j\Include\Device\Spiflash" -I"E:\Benchmaking_DI\Software\LSIC_2000\DI_SLIC2000\HRIF_2010\src\User_j\Include\Error_Handler" -I"E:\Benchmaking_DI\Software\LSIC_2000\DI_SLIC2000\HRIF_2010\src\User_j\Include\Main" -I"E:\Benchmaking_DI\Software\LSIC_2000\DI_SLIC2000\HRIF_2010\src\User_j\Include\Others" -I"E:\Benchmaking_DI\Software\LSIC_2000\DI_SLIC2000\HRIF_2010\src\User_j\Include\System_State" -I"E:\Benchmaking_DI\Software\LSIC_2000\DI_SLIC2000\HRIF_2010\src\User_y\Include" -I"E:\Benchmaking_DI\Software\LSIC_2000\DI_SLIC2000\HRIF_2010\src\Peripherals\Include" -I"E:\Benchmaking_DI\Software\LSIC_2000\DI_SLIC2000\HRIF_2010\src\User_y\Shell\inc" -I"E:\Benchmaking_DI\Software\LSIC_2000\DI_SLIC2000\HRIF_2010\src\User_j\Include\Device\DPS" -I"E:\Benchmaking_DI\Software\LSIC_2000\DI_SLIC2000\HRIF_2010\src\User_j\Include\Insert_status" -c -fmessage-length=0 -MT"src/User_y/Max9972/Max528.o" -MMD -MP -MF"src/User_y/Max9972/Max528.d" -MT"src/User_y/Max9972/Max528.d" -o "src/User_y/Max9972/Max528.o" "../src/User_y/Max9972/Max528.c"
'Finished building: ../src/User_y/Max9972/Max528.c'
' '
'Building file: ../src/User_y/Max9972/Max9972.c'
'Invoking: ARM gcc compiler'
arm-xilinx-eabi-gcc -Wall -O0 -g3 -I../../HRIF_2010_bsp/ps7_cortexa9_0/include -I"E:\Benchmaking_DI\Software\LSIC_2000\DI_SLIC2000\HRIF_2010\src" -I"E:\Benchmaking_DI\Software\LSIC_2000\DI_SLIC2000\HRIF_2010\src\User_j\Include\Device\Emio" -I"E:\Benchmaking_DI\Software\LSIC_2000\DI_SLIC2000\HRIF_2010\src\User_j\Include\Device\Ethernet" -I"E:\Benchmaking_DI\Software\LSIC_2000\DI_SLIC2000\HRIF_2010\src\User_j\Include\Device\QSPI" -I"E:\Benchmaking_DI\Software\LSIC_2000\DI_SLIC2000\HRIF_2010\src\User_j\Include\Device\Spiflash" -I"E:\Benchmaking_DI\Software\LSIC_2000\DI_SLIC2000\HRIF_2010\src\User_j\Include\Error_Handler" -I"E:\Benchmaking_DI\Software\LSIC_2000\DI_SLIC2000\HRIF_2010\src\User_j\Include\Main" -I"E:\Benchmaking_DI\Software\LSIC_2000\DI_SLIC2000\HRIF_2010\src\User_j\Include\Others" -I"E:\Benchmaking_DI\Software\LSIC_2000\DI_SLIC2000\HRIF_2010\src\User_j\Include\System_State" -I"E:\Benchmaking_DI\Software\LSIC_2000\DI_SLIC2000\HRIF_2010\src\User_y\Include" -I"E:\Benchmaking_DI\Software\LSIC_2000\DI_SLIC2000\HRIF_2010\src\Peripherals\Include" -I"E:\Benchmaking_DI\Software\LSIC_2000\DI_SLIC2000\HRIF_2010\src\User_y\Shell\inc" -I"E:\Benchmaking_DI\Software\LSIC_2000\DI_SLIC2000\HRIF_2010\src\User_j\Include\Device\DPS" -I"E:\Benchmaking_DI\Software\LSIC_2000\DI_SLIC2000\HRIF_2010\src\User_j\Include\Insert_status" -c -fmessage-length=0 -MT"src/User_y/Max9972/Max9972.o" -MMD -MP -MF"src/User_y/Max9972/Max9972.d" -MT"src/User_y/Max9972/Max9972.d" -o "src/User_y/Max9972/Max9972.o" "../src/User_y/Max9972/Max9972.c"
'Finished building: ../src/User_y/Max9972/Max9972.c'
' '
'Building file: ../src/User_y/IO/IO.c'
'Invoking: ARM gcc compiler'
arm-xilinx-eabi-gcc -Wall -O0 -g3 -I../../HRIF_2010_bsp/ps7_cortexa9_0/include -I"E:\Benchmaking_DI\Software\LSIC_2000\DI_SLIC2000\HRIF_2010\src" -I"E:\Benchmaking_DI\Software\LSIC_2000\DI_SLIC2000\HRIF_2010\src\User_j\Include\Device\Emio" -I"E:\Benchmaking_DI\Software\LSIC_2000\DI_SLIC2000\HRIF_2010\src\User_j\Include\Device\Ethernet" -I"E:\Benchmaking_DI\Software\LSIC_2000\DI_SLIC2000\HRIF_2010\src\User_j\Include\Device\QSPI" -I"E:\Benchmaking_DI\Software\LSIC_2000\DI_SLIC2000\HRIF_2010\src\User_j\Include\Device\Spiflash" -I"E:\Benchmaking_DI\Software\LSIC_2000\DI_SLIC2000\HRIF_2010\src\User_j\Include\Error_Handler" -I"E:\Benchmaking_DI\Software\LSIC_2000\DI_SLIC2000\HRIF_2010\src\User_j\Include\Main" -I"E:\Benchmaking_DI\Software\LSIC_2000\DI_SLIC2000\HRIF_2010\src\User_j\Include\Others" -I"E:\Benchmaking_DI\Software\LSIC_2000\DI_SLIC2000\HRIF_2010\src\User_j\Include\System_State" -I"E:\Benchmaking_DI\Software\LSIC_2000\DI_SLIC2000\HRIF_2010\src\User_y\Include" -I"E:\Benchmaking_DI\Software\LSIC_2000\DI_SLIC2000\HRIF_2010\src\Peripherals\Include" -I"E:\Benchmaking_DI\Software\LSIC_2000\DI_SLIC2000\HRIF_2010\src\User_y\Shell\inc" -I"E:\Benchmaking_DI\Software\LSIC_2000\DI_SLIC2000\HRIF_2010\src\User_j\Include\Device\DPS" -I"E:\Benchmaking_DI\Software\LSIC_2000\DI_SLIC2000\HRIF_2010\src\User_j\Include\Insert_status" -c -fmessage-length=0 -MT"src/User_y/IO/IO.o" -MMD -MP -MF"src/User_y/IO/IO.d" -MT"src/User_y/IO/IO.d" -o "src/User_y/IO/IO.o" "../src/User_y/IO/IO.c"
'Finished building: ../src/User_y/IO/IO.c'
' '
'Building file: ../src/User_y/Dev_Ctl/Driver.c'
'Invoking: ARM gcc compiler'
arm-xilinx-eabi-gcc -Wall -O0 -g3 -I../../HRIF_2010_bsp/ps7_cortexa9_0/include -I"E:\Benchmaking_DI\Software\LSIC_2000\DI_SLIC2000\HRIF_2010\src" -I"E:\Benchmaking_DI\Software\LSIC_2000\DI_SLIC2000\HRIF_2010\src\User_j\Include\Device\Emio" -I"E:\Benchmaking_DI\Software\LSIC_2000\DI_SLIC2000\HRIF_2010\src\User_j\Include\Device\Ethernet" -I"E:\Benchmaking_DI\Software\LSIC_2000\DI_SLIC2000\HRIF_2010\src\User_j\Include\Device\QSPI" -I"E:\Benchmaking_DI\Software\LSIC_2000\DI_SLIC2000\HRIF_2010\src\User_j\Include\Device\Spiflash" -I"E:\Benchmaking_DI\Software\LSIC_2000\DI_SLIC2000\HRIF_2010\src\User_j\Include\Error_Handler" -I"E:\Benchmaking_DI\Software\LSIC_2000\DI_SLIC2000\HRIF_2010\src\User_j\Include\Main" -I"E:\Benchmaking_DI\Software\LSIC_2000\DI_SLIC2000\HRIF_2010\src\User_j\Include\Others" -I"E:\Benchmaking_DI\Software\LSIC_2000\DI_SLIC2000\HRIF_2010\src\User_j\Include\System_State" -I"E:\Benchmaking_DI\Software\LSIC_2000\DI_SLIC2000\HRIF_2010\src\User_y\Include" -I"E:\Benchmaking_DI\Software\LSIC_2000\DI_SLIC2000\HRIF_2010\src\Peripherals\Include" -I"E:\Benchmaking_DI\Software\LSIC_2000\DI_SLIC2000\HRIF_2010\src\User_y\Shell\inc" -I"E:\Benchmaking_DI\Software\LSIC_2000\DI_SLIC2000\HRIF_2010\src\User_j\Include\Device\DPS" -I"E:\Benchmaking_DI\Software\LSIC_2000\DI_SLIC2000\HRIF_2010\src\User_j\Include\Insert_status" -c -fmessage-length=0 -MT"src/User_y/Dev_Ctl/Driver.o" -MMD -MP -MF"src/User_y/Dev_Ctl/Driver.d" -MT"src/User_y/Dev_Ctl/Driver.d" -o "src/User_y/Dev_Ctl/Driver.o" "../src/User_y/Dev_Ctl/Driver.c"
'Finished building: ../src/User_y/Dev_Ctl/Driver.c'
' '
'Building file: ../src/User_y/Dev_Ctl/Reserve.c'
'Invoking: ARM gcc compiler'
arm-xilinx-eabi-gcc -Wall -O0 -g3 -I../../HRIF_2010_bsp/ps7_cortexa9_0/include -I"E:\Benchmaking_DI\Software\LSIC_2000\DI_SLIC2000\HRIF_2010\src" -I"E:\Benchmaking_DI\Software\LSIC_2000\DI_SLIC2000\HRIF_2010\src\User_j\Include\Device\Emio" -I"E:\Benchmaking_DI\Software\LSIC_2000\DI_SLIC2000\HRIF_2010\src\User_j\Include\Device\Ethernet" -I"E:\Benchmaking_DI\Software\LSIC_2000\DI_SLIC2000\HRIF_2010\src\User_j\Include\Device\QSPI" -I"E:\Benchmaking_DI\Software\LSIC_2000\DI_SLIC2000\HRIF_2010\src\User_j\Include\Device\Spiflash" -I"E:\Benchmaking_DI\Software\LSIC_2000\DI_SLIC2000\HRIF_2010\src\User_j\Include\Error_Handler" -I"E:\Benchmaking_DI\Software\LSIC_2000\DI_SLIC2000\HRIF_2010\src\User_j\Include\Main" -I"E:\Benchmaking_DI\Software\LSIC_2000\DI_SLIC2000\HRIF_2010\src\User_j\Include\Others" -I"E:\Benchmaking_DI\Software\LSIC_2000\DI_SLIC2000\HRIF_2010\src\User_j\Include\System_State" -I"E:\Benchmaking_DI\Software\LSIC_2000\DI_SLIC2000\HRIF_2010\src\User_y\Include" -I"E:\Benchmaking_DI\Software\LSIC_2000\DI_SLIC2000\HRIF_2010\src\Peripherals\Include" -I"E:\Benchmaking_DI\Software\LSIC_2000\DI_SLIC2000\HRIF_2010\src\User_y\Shell\inc" -I"E:\Benchmaking_DI\Software\LSIC_2000\DI_SLIC2000\HRIF_2010\src\User_j\Include\Device\DPS" -I"E:\Benchmaking_DI\Software\LSIC_2000\DI_SLIC2000\HRIF_2010\src\User_j\Include\Insert_status" -c -fmessage-length=0 -MT"src/User_y/Dev_Ctl/Reserve.o" -MMD -MP -MF"src/User_y/Dev_Ctl/Reserve.d" -MT"src/User_y/Dev_Ctl/Reserve.d" -o "src/User_y/Dev_Ctl/Reserve.o" "../src/User_y/Dev_Ctl/Reserve.c"
'Finished building: ../src/User_y/Dev_Ctl/Reserve.c'
' '
'Building file: ../src/User_y/Dev_Ctl/SystemInfo.c'
'Invoking: ARM gcc compiler'
arm-xilinx-eabi-gcc -Wall -O0 -g3 -I../../HRIF_2010_bsp/ps7_cortexa9_0/include -I"E:\Benchmaking_DI\Software\LSIC_2000\DI_SLIC2000\HRIF_2010\src" -I"E:\Benchmaking_DI\Software\LSIC_2000\DI_SLIC2000\HRIF_2010\src\User_j\Include\Device\Emio" -I"E:\Benchmaking_DI\Software\LSIC_2000\DI_SLIC2000\HRIF_2010\src\User_j\Include\Device\Ethernet" -I"E:\Benchmaking_DI\Software\LSIC_2000\DI_SLIC2000\HRIF_2010\src\User_j\Include\Device\QSPI" -I"E:\Benchmaking_DI\Software\LSIC_2000\DI_SLIC2000\HRIF_2010\src\User_j\Include\Device\Spiflash" -I"E:\Benchmaking_DI\Software\LSIC_2000\DI_SLIC2000\HRIF_2010\src\User_j\Include\Error_Handler" -I"E:\Benchmaking_DI\Software\LSIC_2000\DI_SLIC2000\HRIF_2010\src\User_j\Include\Main" -I"E:\Benchmaking_DI\Software\LSIC_2000\DI_SLIC2000\HRIF_2010\src\User_j\Include\Others" -I"E:\Benchmaking_DI\Software\LSIC_2000\DI_SLIC2000\HRIF_2010\src\User_j\Include\System_State" -I"E:\Benchmaking_DI\Software\LSIC_2000\DI_SLIC2000\HRIF_2010\src\User_y\Include" -I"E:\Benchmaking_DI\Software\LSIC_2000\DI_SLIC2000\HRIF_2010\src\Peripherals\Include" -I"E:\Benchmaking_DI\Software\LSIC_2000\DI_SLIC2000\HRIF_2010\src\User_y\Shell\inc" -I"E:\Benchmaking_DI\Software\LSIC_2000\DI_SLIC2000\HRIF_2010\src\User_j\Include\Device\DPS" -I"E:\Benchmaking_DI\Software\LSIC_2000\DI_SLIC2000\HRIF_2010\src\User_j\Include\Insert_status" -c -fmessage-length=0 -MT"src/User_y/Dev_Ctl/SystemInfo.o" -MMD -MP -MF"src/User_y/Dev_Ctl/SystemInfo.d" -MT"src/User_y/Dev_Ctl/SystemInfo.d" -o "src/User_y/Dev_Ctl/SystemInfo.o" "../src/User_y/Dev_Ctl/SystemInfo.c"
'Finished building: ../src/User_y/Dev_Ctl/SystemInfo.c'
' '
'Building file: ../src/User_y/Dev_Ctl/fpga.c'
'Invoking: ARM gcc compiler'
arm-xilinx-eabi-gcc -Wall -O0 -g3 -I../../HRIF_2010_bsp/ps7_cortexa9_0/include -I"E:\Benchmaking_DI\Software\LSIC_2000\DI_SLIC2000\HRIF_2010\src" -I"E:\Benchmaking_DI\Software\LSIC_2000\DI_SLIC2000\HRIF_2010\src\User_j\Include\Device\Emio" -I"E:\Benchmaking_DI\Software\LSIC_2000\DI_SLIC2000\HRIF_2010\src\User_j\Include\Device\Ethernet" -I"E:\Benchmaking_DI\Software\LSIC_2000\DI_SLIC2000\HRIF_2010\src\User_j\Include\Device\QSPI" -I"E:\Benchmaking_DI\Software\LSIC_2000\DI_SLIC2000\HRIF_2010\src\User_j\Include\Device\Spiflash" -I"E:\Benchmaking_DI\Software\LSIC_2000\DI_SLIC2000\HRIF_2010\src\User_j\Include\Error_Handler" -I"E:\Benchmaking_DI\Software\LSIC_2000\DI_SLIC2000\HRIF_2010\src\User_j\Include\Main" -I"E:\Benchmaking_DI\Software\LSIC_2000\DI_SLIC2000\HRIF_2010\src\User_j\Include\Others" -I"E:\Benchmaking_DI\Software\LSIC_2000\DI_SLIC2000\HRIF_2010\src\User_j\Include\System_State" -I"E:\Benchmaking_DI\Software\LSIC_2000\DI_SLIC2000\HRIF_2010\src\User_y\Include" -I"E:\Benchmaking_DI\Software\LSIC_2000\DI_SLIC2000\HRIF_2010\src\Peripherals\Include" -I"E:\Benchmaking_DI\Software\LSIC_2000\DI_SLIC2000\HRIF_2010\src\User_y\Shell\inc" -I"E:\Benchmaking_DI\Software\LSIC_2000\DI_SLIC2000\HRIF_2010\src\User_j\Include\Device\DPS" -I"E:\Benchmaking_DI\Software\LSIC_2000\DI_SLIC2000\HRIF_2010\src\User_j\Include\Insert_status" -c -fmessage-length=0 -MT"src/User_y/Dev_Ctl/fpga.o" -MMD -MP -MF"src/User_y/Dev_Ctl/fpga.d" -MT"src/User_y/Dev_Ctl/fpga.d" -o "src/User_y/Dev_Ctl/fpga.o" "../src/User_y/Dev_Ctl/fpga.c"
'Finished building: ../src/User_y/Dev_Ctl/fpga.c'
' '
'Building file: ../src/User_y/Debug/Debug.c'
'Invoking: ARM gcc compiler'
arm-xilinx-eabi-gcc -Wall -O0 -g3 -I../../HRIF_2010_bsp/ps7_cortexa9_0/include -I"E:\Benchmaking_DI\Software\LSIC_2000\DI_SLIC2000\HRIF_2010\src" -I"E:\Benchmaking_DI\Software\LSIC_2000\DI_SLIC2000\HRIF_2010\src\User_j\Include\Device\Emio" -I"E:\Benchmaking_DI\Software\LSIC_2000\DI_SLIC2000\HRIF_2010\src\User_j\Include\Device\Ethernet" -I"E:\Benchmaking_DI\Software\LSIC_2000\DI_SLIC2000\HRIF_2010\src\User_j\Include\Device\QSPI" -I"E:\Benchmaking_DI\Software\LSIC_2000\DI_SLIC2000\HRIF_2010\src\User_j\Include\Device\Spiflash" -I"E:\Benchmaking_DI\Software\LSIC_2000\DI_SLIC2000\HRIF_2010\src\User_j\Include\Error_Handler" -I"E:\Benchmaking_DI\Software\LSIC_2000\DI_SLIC2000\HRIF_2010\src\User_j\Include\Main" -I"E:\Benchmaking_DI\Software\LSIC_2000\DI_SLIC2000\HRIF_2010\src\User_j\Include\Others" -I"E:\Benchmaking_DI\Software\LSIC_2000\DI_SLIC2000\HRIF_2010\src\User_j\Include\System_State" -I"E:\Benchmaking_DI\Software\LSIC_2000\DI_SLIC2000\HRIF_2010\src\User_y\Include" -I"E:\Benchmaking_DI\Software\LSIC_2000\DI_SLIC2000\HRIF_2010\src\Peripherals\Include" -I"E:\Benchmaking_DI\Software\LSIC_2000\DI_SLIC2000\HRIF_2010\src\User_y\Shell\inc" -I"E:\Benchmaking_DI\Software\LSIC_2000\DI_SLIC2000\HRIF_2010\src\User_j\Include\Device\DPS" -I"E:\Benchmaking_DI\Software\LSIC_2000\DI_SLIC2000\HRIF_2010\src\User_j\Include\Insert_status" -c -fmessage-length=0 -MT"src/User_y/Debug/Debug.o" -MMD -MP -MF"src/User_y/Debug/Debug.d" -MT"src/User_y/Debug/Debug.d" -o "src/User_y/Debug/Debug.o" "../src/User_y/Debug/Debug.c"
../src/User_y/Debug/Debug.c: In function 'IIC_Address_Test':
../src/User_y/Debug/Debug.c:1227:8: warning: unused variable 'voltage' [-Wunused-variable]
  float voltage;
        ^
'Finished building: ../src/User_y/Debug/Debug.c'
' '
'Building file: ../src/User_y/DataStruct/orderstruct.c'
'Invoking: ARM gcc compiler'
arm-xilinx-eabi-gcc -Wall -O0 -g3 -I../../HRIF_2010_bsp/ps7_cortexa9_0/include -I"E:\Benchmaking_DI\Software\LSIC_2000\DI_SLIC2000\HRIF_2010\src" -I"E:\Benchmaking_DI\Software\LSIC_2000\DI_SLIC2000\HRIF_2010\src\User_j\Include\Device\Emio" -I"E:\Benchmaking_DI\Software\LSIC_2000\DI_SLIC2000\HRIF_2010\src\User_j\Include\Device\Ethernet" -I"E:\Benchmaking_DI\Software\LSIC_2000\DI_SLIC2000\HRIF_2010\src\User_j\Include\Device\QSPI" -I"E:\Benchmaking_DI\Software\LSIC_2000\DI_SLIC2000\HRIF_2010\src\User_j\Include\Device\Spiflash" -I"E:\Benchmaking_DI\Software\LSIC_2000\DI_SLIC2000\HRIF_2010\src\User_j\Include\Error_Handler" -I"E:\Benchmaking_DI\Software\LSIC_2000\DI_SLIC2000\HRIF_2010\src\User_j\Include\Main" -I"E:\Benchmaking_DI\Software\LSIC_2000\DI_SLIC2000\HRIF_2010\src\User_j\Include\Others" -I"E:\Benchmaking_DI\Software\LSIC_2000\DI_SLIC2000\HRIF_2010\src\User_j\Include\System_State" -I"E:\Benchmaking_DI\Software\LSIC_2000\DI_SLIC2000\HRIF_2010\src\User_y\Include" -I"E:\Benchmaking_DI\Software\LSIC_2000\DI_SLIC2000\HRIF_2010\src\Peripherals\Include" -I"E:\Benchmaking_DI\Software\LSIC_2000\DI_SLIC2000\HRIF_2010\src\User_y\Shell\inc" -I"E:\Benchmaking_DI\Software\LSIC_2000\DI_SLIC2000\HRIF_2010\src\User_j\Include\Device\DPS" -I"E:\Benchmaking_DI\Software\LSIC_2000\DI_SLIC2000\HRIF_2010\src\User_j\Include\Insert_status" -c -fmessage-length=0 -MT"src/User_y/DataStruct/orderstruct.o" -MMD -MP -MF"src/User_y/DataStruct/orderstruct.d" -MT"src/User_y/DataStruct/orderstruct.d" -o "src/User_y/DataStruct/orderstruct.o" "../src/User_y/DataStruct/orderstruct.c"
'Finished building: ../src/User_y/DataStruct/orderstruct.c'
' '
'Building file: ../src/User_y/DS1337_RTC/DS1337.c'
'Invoking: ARM gcc compiler'
arm-xilinx-eabi-gcc -Wall -O0 -g3 -I../../HRIF_2010_bsp/ps7_cortexa9_0/include -I"E:\Benchmaking_DI\Software\LSIC_2000\DI_SLIC2000\HRIF_2010\src" -I"E:\Benchmaking_DI\Software\LSIC_2000\DI_SLIC2000\HRIF_2010\src\User_j\Include\Device\Emio" -I"E:\Benchmaking_DI\Software\LSIC_2000\DI_SLIC2000\HRIF_2010\src\User_j\Include\Device\Ethernet" -I"E:\Benchmaking_DI\Software\LSIC_2000\DI_SLIC2000\HRIF_2010\src\User_j\Include\Device\QSPI" -I"E:\Benchmaking_DI\Software\LSIC_2000\DI_SLIC2000\HRIF_2010\src\User_j\Include\Device\Spiflash" -I"E:\Benchmaking_DI\Software\LSIC_2000\DI_SLIC2000\HRIF_2010\src\User_j\Include\Error_Handler" -I"E:\Benchmaking_DI\Software\LSIC_2000\DI_SLIC2000\HRIF_2010\src\User_j\Include\Main" -I"E:\Benchmaking_DI\Software\LSIC_2000\DI_SLIC2000\HRIF_2010\src\User_j\Include\Others" -I"E:\Benchmaking_DI\Software\LSIC_2000\DI_SLIC2000\HRIF_2010\src\User_j\Include\System_State" -I"E:\Benchmaking_DI\Software\LSIC_2000\DI_SLIC2000\HRIF_2010\src\User_y\Include" -I"E:\Benchmaking_DI\Software\LSIC_2000\DI_SLIC2000\HRIF_2010\src\Peripherals\Include" -I"E:\Benchmaking_DI\Software\LSIC_2000\DI_SLIC2000\HRIF_2010\src\User_y\Shell\inc" -I"E:\Benchmaking_DI\Software\LSIC_2000\DI_SLIC2000\HRIF_2010\src\User_j\Include\Device\DPS" -I"E:\Benchmaking_DI\Software\LSIC_2000\DI_SLIC2000\HRIF_2010\src\User_j\Include\Insert_status" -c -fmessage-length=0 -MT"src/User_y/DS1337_RTC/DS1337.o" -MMD -MP -MF"src/User_y/DS1337_RTC/DS1337.d" -MT"src/User_y/DS1337_RTC/DS1337.d" -o "src/User_y/DS1337_RTC/DS1337.o" "../src/User_y/DS1337_RTC/DS1337.c"
'Finished building: ../src/User_y/DS1337_RTC/DS1337.c'
' '
'Building file: ../src/User_y/ADS8688/Ads8688.c'
'Invoking: ARM gcc compiler'
arm-xilinx-eabi-gcc -Wall -O0 -g3 -I../../HRIF_2010_bsp/ps7_cortexa9_0/include -I"E:\Benchmaking_DI\Software\LSIC_2000\DI_SLIC2000\HRIF_2010\src" -I"E:\Benchmaking_DI\Software\LSIC_2000\DI_SLIC2000\HRIF_2010\src\User_j\Include\Device\Emio" -I"E:\Benchmaking_DI\Software\LSIC_2000\DI_SLIC2000\HRIF_2010\src\User_j\Include\Device\Ethernet" -I"E:\Benchmaking_DI\Software\LSIC_2000\DI_SLIC2000\HRIF_2010\src\User_j\Include\Device\QSPI" -I"E:\Benchmaking_DI\Software\LSIC_2000\DI_SLIC2000\HRIF_2010\src\User_j\Include\Device\Spiflash" -I"E:\Benchmaking_DI\Software\LSIC_2000\DI_SLIC2000\HRIF_2010\src\User_j\Include\Error_Handler" -I"E:\Benchmaking_DI\Software\LSIC_2000\DI_SLIC2000\HRIF_2010\src\User_j\Include\Main" -I"E:\Benchmaking_DI\Software\LSIC_2000\DI_SLIC2000\HRIF_2010\src\User_j\Include\Others" -I"E:\Benchmaking_DI\Software\LSIC_2000\DI_SLIC2000\HRIF_2010\src\User_j\Include\System_State" -I"E:\Benchmaking_DI\Software\LSIC_2000\DI_SLIC2000\HRIF_2010\src\User_y\Include" -I"E:\Benchmaking_DI\Software\LSIC_2000\DI_SLIC2000\HRIF_2010\src\Peripherals\Include" -I"E:\Benchmaking_DI\Software\LSIC_2000\DI_SLIC2000\HRIF_2010\src\User_y\Shell\inc" -I"E:\Benchmaking_DI\Software\LSIC_2000\DI_SLIC2000\HRIF_2010\src\User_j\Include\Device\DPS" -I"E:\Benchmaking_DI\Software\LSIC_2000\DI_SLIC2000\HRIF_2010\src\User_j\Include\Insert_status" -c -fmessage-length=0 -MT"src/User_y/ADS8688/Ads8688.o" -MMD -MP -MF"src/User_y/ADS8688/Ads8688.d" -MT"src/User_y/ADS8688/Ads8688.d" -o "src/User_y/ADS8688/Ads8688.o" "../src/User_y/ADS8688/Ads8688.c"
'Finished building: ../src/User_y/ADS8688/Ads8688.c'
' '
'Building file: ../src/User_j/System/System_State/system_state.c'
'Invoking: ARM gcc compiler'
arm-xilinx-eabi-gcc -Wall -O0 -g3 -I../../HRIF_2010_bsp/ps7_cortexa9_0/include -I"E:\Benchmaking_DI\Software\LSIC_2000\DI_SLIC2000\HRIF_2010\src" -I"E:\Benchmaking_DI\Software\LSIC_2000\DI_SLIC2000\HRIF_2010\src\User_j\Include\Device\Emio" -I"E:\Benchmaking_DI\Software\LSIC_2000\DI_SLIC2000\HRIF_2010\src\User_j\Include\Device\Ethernet" -I"E:\Benchmaking_DI\Software\LSIC_2000\DI_SLIC2000\HRIF_2010\src\User_j\Include\Device\QSPI" -I"E:\Benchmaking_DI\Software\LSIC_2000\DI_SLIC2000\HRIF_2010\src\User_j\Include\Device\Spiflash" -I"E:\Benchmaking_DI\Software\LSIC_2000\DI_SLIC2000\HRIF_2010\src\User_j\Include\Error_Handler" -I"E:\Benchmaking_DI\Software\LSIC_2000\DI_SLIC2000\HRIF_2010\src\User_j\Include\Main" -I"E:\Benchmaking_DI\Software\LSIC_2000\DI_SLIC2000\HRIF_2010\src\User_j\Include\Others" -I"E:\Benchmaking_DI\Software\LSIC_2000\DI_SLIC2000\HRIF_2010\src\User_j\Include\System_State" -I"E:\Benchmaking_DI\Software\LSIC_2000\DI_SLIC2000\HRIF_2010\src\User_y\Include" -I"E:\Benchmaking_DI\Software\LSIC_2000\DI_SLIC2000\HRIF_2010\src\Peripherals\Include" -I"E:\Benchmaking_DI\Software\LSIC_2000\DI_SLIC2000\HRIF_2010\src\User_y\Shell\inc" -I"E:\Benchmaking_DI\Software\LSIC_2000\DI_SLIC2000\HRIF_2010\src\User_j\Include\Device\DPS" -I"E:\Benchmaking_DI\Software\LSIC_2000\DI_SLIC2000\HRIF_2010\src\User_j\Include\Insert_status" -c -fmessage-length=0 -MT"src/User_j/System/System_State/system_state.o" -MMD -MP -MF"src/User_j/System/System_State/system_state.d" -MT"src/User_j/System/System_State/system_state.d" -o "src/User_j/System/System_State/system_state.o" "../src/User_j/System/System_State/system_state.c"
'Finished building: ../src/User_j/System/System_State/system_state.c'
' '
'Building file: ../src/User_j/System/Main/main.c'
'Invoking: ARM gcc compiler'
arm-xilinx-eabi-gcc -Wall -O0 -g3 -I../../HRIF_2010_bsp/ps7_cortexa9_0/include -I"E:\Benchmaking_DI\Software\LSIC_2000\DI_SLIC2000\HRIF_2010\src" -I"E:\Benchmaking_DI\Software\LSIC_2000\DI_SLIC2000\HRIF_2010\src\User_j\Include\Device\Emio" -I"E:\Benchmaking_DI\Software\LSIC_2000\DI_SLIC2000\HRIF_2010\src\User_j\Include\Device\Ethernet" -I"E:\Benchmaking_DI\Software\LSIC_2000\DI_SLIC2000\HRIF_2010\src\User_j\Include\Device\QSPI" -I"E:\Benchmaking_DI\Software\LSIC_2000\DI_SLIC2000\HRIF_2010\src\User_j\Include\Device\Spiflash" -I"E:\Benchmaking_DI\Software\LSIC_2000\DI_SLIC2000\HRIF_2010\src\User_j\Include\Error_Handler" -I"E:\Benchmaking_DI\Software\LSIC_2000\DI_SLIC2000\HRIF_2010\src\User_j\Include\Main" -I"E:\Benchmaking_DI\Software\LSIC_2000\DI_SLIC2000\HRIF_2010\src\User_j\Include\Others" -I"E:\Benchmaking_DI\Software\LSIC_2000\DI_SLIC2000\HRIF_2010\src\User_j\Include\System_State" -I"E:\Benchmaking_DI\Software\LSIC_2000\DI_SLIC2000\HRIF_2010\src\User_y\Include" -I"E:\Benchmaking_DI\Software\LSIC_2000\DI_SLIC2000\HRIF_2010\src\Peripherals\Include" -I"E:\Benchmaking_DI\Software\LSIC_2000\DI_SLIC2000\HRIF_2010\src\User_y\Shell\inc" -I"E:\Benchmaking_DI\Software\LSIC_2000\DI_SLIC2000\HRIF_2010\src\User_j\Include\Device\DPS" -I"E:\Benchmaking_DI\Software\LSIC_2000\DI_SLIC2000\HRIF_2010\src\User_j\Include\Insert_status" -c -fmessage-length=0 -MT"src/User_j/System/Main/main.o" -MMD -MP -MF"src/User_j/System/Main/main.d" -MT"src/User_j/System/Main/main.d" -o "src/User_j/System/Main/main.o" "../src/User_j/System/Main/main.c"
'Finished building: ../src/User_j/System/Main/main.c'
' '
'Building file: ../src/User_j/System/Error_Handler/error_handler.c'
'Invoking: ARM gcc compiler'
arm-xilinx-eabi-gcc -Wall -O0 -g3 -I../../HRIF_2010_bsp/ps7_cortexa9_0/include -I"E:\Benchmaking_DI\Software\LSIC_2000\DI_SLIC2000\HRIF_2010\src" -I"E:\Benchmaking_DI\Software\LSIC_2000\DI_SLIC2000\HRIF_2010\src\User_j\Include\Device\Emio" -I"E:\Benchmaking_DI\Software\LSIC_2000\DI_SLIC2000\HRIF_2010\src\User_j\Include\Device\Ethernet" -I"E:\Benchmaking_DI\Software\LSIC_2000\DI_SLIC2000\HRIF_2010\src\User_j\Include\Device\QSPI" -I"E:\Benchmaking_DI\Software\LSIC_2000\DI_SLIC2000\HRIF_2010\src\User_j\Include\Device\Spiflash" -I"E:\Benchmaking_DI\Software\LSIC_2000\DI_SLIC2000\HRIF_2010\src\User_j\Include\Error_Handler" -I"E:\Benchmaking_DI\Software\LSIC_2000\DI_SLIC2000\HRIF_2010\src\User_j\Include\Main" -I"E:\Benchmaking_DI\Software\LSIC_2000\DI_SLIC2000\HRIF_2010\src\User_j\Include\Others" -I"E:\Benchmaking_DI\Software\LSIC_2000\DI_SLIC2000\HRIF_2010\src\User_j\Include\System_State" -I"E:\Benchmaking_DI\Software\LSIC_2000\DI_SLIC2000\HRIF_2010\src\User_y\Include" -I"E:\Benchmaking_DI\Software\LSIC_2000\DI_SLIC2000\HRIF_2010\src\Peripherals\Include" -I"E:\Benchmaking_DI\Software\LSIC_2000\DI_SLIC2000\HRIF_2010\src\User_y\Shell\inc" -I"E:\Benchmaking_DI\Software\LSIC_2000\DI_SLIC2000\HRIF_2010\src\User_j\Include\Device\DPS" -I"E:\Benchmaking_DI\Software\LSIC_2000\DI_SLIC2000\HRIF_2010\src\User_j\Include\Insert_status" -c -fmessage-length=0 -MT"src/User_j/System/Error_Handler/error_handler.o" -MMD -MP -MF"src/User_j/System/Error_Handler/error_handler.d" -MT"src/User_j/System/Error_Handler/error_handler.d" -o "src/User_j/System/Error_Handler/error_handler.o" "../src/User_j/System/Error_Handler/error_handler.c"
'Finished building: ../src/User_j/System/Error_Handler/error_handler.c'
' '
'Building file: ../src/User_j/System/Device/Spiflash/w25q256.c'
'Invoking: ARM gcc compiler'
arm-xilinx-eabi-gcc -Wall -O0 -g3 -I../../HRIF_2010_bsp/ps7_cortexa9_0/include -I"E:\Benchmaking_DI\Software\LSIC_2000\DI_SLIC2000\HRIF_2010\src" -I"E:\Benchmaking_DI\Software\LSIC_2000\DI_SLIC2000\HRIF_2010\src\User_j\Include\Device\Emio" -I"E:\Benchmaking_DI\Software\LSIC_2000\DI_SLIC2000\HRIF_2010\src\User_j\Include\Device\Ethernet" -I"E:\Benchmaking_DI\Software\LSIC_2000\DI_SLIC2000\HRIF_2010\src\User_j\Include\Device\QSPI" -I"E:\Benchmaking_DI\Software\LSIC_2000\DI_SLIC2000\HRIF_2010\src\User_j\Include\Device\Spiflash" -I"E:\Benchmaking_DI\Software\LSIC_2000\DI_SLIC2000\HRIF_2010\src\User_j\Include\Error_Handler" -I"E:\Benchmaking_DI\Software\LSIC_2000\DI_SLIC2000\HRIF_2010\src\User_j\Include\Main" -I"E:\Benchmaking_DI\Software\LSIC_2000\DI_SLIC2000\HRIF_2010\src\User_j\Include\Others" -I"E:\Benchmaking_DI\Software\LSIC_2000\DI_SLIC2000\HRIF_2010\src\User_j\Include\System_State" -I"E:\Benchmaking_DI\Software\LSIC_2000\DI_SLIC2000\HRIF_2010\src\User_y\Include" -I"E:\Benchmaking_DI\Software\LSIC_2000\DI_SLIC2000\HRIF_2010\src\Peripherals\Include" -I"E:\Benchmaking_DI\Software\LSIC_2000\DI_SLIC2000\HRIF_2010\src\User_y\Shell\inc" -I"E:\Benchmaking_DI\Software\LSIC_2000\DI_SLIC2000\HRIF_2010\src\User_j\Include\Device\DPS" -I"E:\Benchmaking_DI\Software\LSIC_2000\DI_SLIC2000\HRIF_2010\src\User_j\Include\Insert_status" -c -fmessage-length=0 -MT"src/User_j/System/Device/Spiflash/w25q256.o" -MMD -MP -MF"src/User_j/System/Device/Spiflash/w25q256.d" -MT"src/User_j/System/Device/Spiflash/w25q256.d" -o "src/User_j/System/Device/Spiflash/w25q256.o" "../src/User_j/System/Device/Spiflash/w25q256.c"
'Finished building: ../src/User_j/System/Device/Spiflash/w25q256.c'
' '
'Building file: ../src/User_j/System/Device/QSPI/QSPI_Device/mt25ql512.c'
'Invoking: ARM gcc compiler'
arm-xilinx-eabi-gcc -Wall -O0 -g3 -I../../HRIF_2010_bsp/ps7_cortexa9_0/include -I"E:\Benchmaking_DI\Software\LSIC_2000\DI_SLIC2000\HRIF_2010\src" -I"E:\Benchmaking_DI\Software\LSIC_2000\DI_SLIC2000\HRIF_2010\src\User_j\Include\Device\Emio" -I"E:\Benchmaking_DI\Software\LSIC_2000\DI_SLIC2000\HRIF_2010\src\User_j\Include\Device\Ethernet" -I"E:\Benchmaking_DI\Software\LSIC_2000\DI_SLIC2000\HRIF_2010\src\User_j\Include\Device\QSPI" -I"E:\Benchmaking_DI\Software\LSIC_2000\DI_SLIC2000\HRIF_2010\src\User_j\Include\Device\Spiflash" -I"E:\Benchmaking_DI\Software\LSIC_2000\DI_SLIC2000\HRIF_2010\src\User_j\Include\Error_Handler" -I"E:\Benchmaking_DI\Software\LSIC_2000\DI_SLIC2000\HRIF_2010\src\User_j\Include\Main" -I"E:\Benchmaking_DI\Software\LSIC_2000\DI_SLIC2000\HRIF_2010\src\User_j\Include\Others" -I"E:\Benchmaking_DI\Software\LSIC_2000\DI_SLIC2000\HRIF_2010\src\User_j\Include\System_State" -I"E:\Benchmaking_DI\Software\LSIC_2000\DI_SLIC2000\HRIF_2010\src\User_y\Include" -I"E:\Benchmaking_DI\Software\LSIC_2000\DI_SLIC2000\HRIF_2010\src\Peripherals\Include" -I"E:\Benchmaking_DI\Software\LSIC_2000\DI_SLIC2000\HRIF_2010\src\User_y\Shell\inc" -I"E:\Benchmaking_DI\Software\LSIC_2000\DI_SLIC2000\HRIF_2010\src\User_j\Include\Device\DPS" -I"E:\Benchmaking_DI\Software\LSIC_2000\DI_SLIC2000\HRIF_2010\src\User_j\Include\Insert_status" -c -fmessage-length=0 -MT"src/User_j/System/Device/QSPI/QSPI_Device/mt25ql512.o" -MMD -MP -MF"src/User_j/System/Device/QSPI/QSPI_Device/mt25ql512.d" -MT"src/User_j/System/Device/QSPI/QSPI_Device/mt25ql512.d" -o "src/User_j/System/Device/QSPI/QSPI_Device/mt25ql512.o" "../src/User_j/System/Device/QSPI/QSPI_Device/mt25ql512.c"
'Finished building: ../src/User_j/System/Device/QSPI/QSPI_Device/mt25ql512.c'
' '
'Building file: ../src/User_j/System/Device/QSPI/QSPI_BUS/qspi_bus.c'
'Invoking: ARM gcc compiler'
arm-xilinx-eabi-gcc -Wall -O0 -g3 -I../../HRIF_2010_bsp/ps7_cortexa9_0/include -I"E:\Benchmaking_DI\Software\LSIC_2000\DI_SLIC2000\HRIF_2010\src" -I"E:\Benchmaking_DI\Software\LSIC_2000\DI_SLIC2000\HRIF_2010\src\User_j\Include\Device\Emio" -I"E:\Benchmaking_DI\Software\LSIC_2000\DI_SLIC2000\HRIF_2010\src\User_j\Include\Device\Ethernet" -I"E:\Benchmaking_DI\Software\LSIC_2000\DI_SLIC2000\HRIF_2010\src\User_j\Include\Device\QSPI" -I"E:\Benchmaking_DI\Software\LSIC_2000\DI_SLIC2000\HRIF_2010\src\User_j\Include\Device\Spiflash" -I"E:\Benchmaking_DI\Software\LSIC_2000\DI_SLIC2000\HRIF_2010\src\User_j\Include\Error_Handler" -I"E:\Benchmaking_DI\Software\LSIC_2000\DI_SLIC2000\HRIF_2010\src\User_j\Include\Main" -I"E:\Benchmaking_DI\Software\LSIC_2000\DI_SLIC2000\HRIF_2010\src\User_j\Include\Others" -I"E:\Benchmaking_DI\Software\LSIC_2000\DI_SLIC2000\HRIF_2010\src\User_j\Include\System_State" -I"E:\Benchmaking_DI\Software\LSIC_2000\DI_SLIC2000\HRIF_2010\src\User_y\Include" -I"E:\Benchmaking_DI\Software\LSIC_2000\DI_SLIC2000\HRIF_2010\src\Peripherals\Include" -I"E:\Benchmaking_DI\Software\LSIC_2000\DI_SLIC2000\HRIF_2010\src\User_y\Shell\inc" -I"E:\Benchmaking_DI\Software\LSIC_2000\DI_SLIC2000\HRIF_2010\src\User_j\Include\Device\DPS" -I"E:\Benchmaking_DI\Software\LSIC_2000\DI_SLIC2000\HRIF_2010\src\User_j\Include\Insert_status" -c -fmessage-length=0 -MT"src/User_j/System/Device/QSPI/QSPI_BUS/qspi_bus.o" -MMD -MP -MF"src/User_j/System/Device/QSPI/QSPI_BUS/qspi_bus.d" -MT"src/User_j/System/Device/QSPI/QSPI_BUS/qspi_bus.d" -o "src/User_j/System/Device/QSPI/QSPI_BUS/qspi_bus.o" "../src/User_j/System/Device/QSPI/QSPI_BUS/qspi_bus.c"
'Finished building: ../src/User_j/System/Device/QSPI/QSPI_BUS/qspi_bus.c'
' '
'Building file: ../src/User_j/System/Device/Insert_status/insert_status.c'
'Invoking: ARM gcc compiler'
arm-xilinx-eabi-gcc -Wall -O0 -g3 -I../../HRIF_2010_bsp/ps7_cortexa9_0/include -I"E:\Benchmaking_DI\Software\LSIC_2000\DI_SLIC2000\HRIF_2010\src" -I"E:\Benchmaking_DI\Software\LSIC_2000\DI_SLIC2000\HRIF_2010\src\User_j\Include\Device\Emio" -I"E:\Benchmaking_DI\Software\LSIC_2000\DI_SLIC2000\HRIF_2010\src\User_j\Include\Device\Ethernet" -I"E:\Benchmaking_DI\Software\LSIC_2000\DI_SLIC2000\HRIF_2010\src\User_j\Include\Device\QSPI" -I"E:\Benchmaking_DI\Software\LSIC_2000\DI_SLIC2000\HRIF_2010\src\User_j\Include\Device\Spiflash" -I"E:\Benchmaking_DI\Software\LSIC_2000\DI_SLIC2000\HRIF_2010\src\User_j\Include\Error_Handler" -I"E:\Benchmaking_DI\Software\LSIC_2000\DI_SLIC2000\HRIF_2010\src\User_j\Include\Main" -I"E:\Benchmaking_DI\Software\LSIC_2000\DI_SLIC2000\HRIF_2010\src\User_j\Include\Others" -I"E:\Benchmaking_DI\Software\LSIC_2000\DI_SLIC2000\HRIF_2010\src\User_j\Include\System_State" -I"E:\Benchmaking_DI\Software\LSIC_2000\DI_SLIC2000\HRIF_2010\src\User_y\Include" -I"E:\Benchmaking_DI\Software\LSIC_2000\DI_SLIC2000\HRIF_2010\src\Peripherals\Include" -I"E:\Benchmaking_DI\Software\LSIC_2000\DI_SLIC2000\HRIF_2010\src\User_y\Shell\inc" -I"E:\Benchmaking_DI\Software\LSIC_2000\DI_SLIC2000\HRIF_2010\src\User_j\Include\Device\DPS" -I"E:\Benchmaking_DI\Software\LSIC_2000\DI_SLIC2000\HRIF_2010\src\User_j\Include\Insert_status" -c -fmessage-length=0 -MT"src/User_j/System/Device/Insert_status/insert_status.o" -MMD -MP -MF"src/User_j/System/Device/Insert_status/insert_status.d" -MT"src/User_j/System/Device/Insert_status/insert_status.d" -o "src/User_j/System/Device/Insert_status/insert_status.o" "../src/User_j/System/Device/Insert_status/insert_status.c"
'Finished building: ../src/User_j/System/Device/Insert_status/insert_status.c'
' '
'Building file: ../src/User_j/System/Device/Ethernet/Verify/verify.c'
'Invoking: ARM gcc compiler'
arm-xilinx-eabi-gcc -Wall -O0 -g3 -I../../HRIF_2010_bsp/ps7_cortexa9_0/include -I"E:\Benchmaking_DI\Software\LSIC_2000\DI_SLIC2000\HRIF_2010\src" -I"E:\Benchmaking_DI\Software\LSIC_2000\DI_SLIC2000\HRIF_2010\src\User_j\Include\Device\Emio" -I"E:\Benchmaking_DI\Software\LSIC_2000\DI_SLIC2000\HRIF_2010\src\User_j\Include\Device\Ethernet" -I"E:\Benchmaking_DI\Software\LSIC_2000\DI_SLIC2000\HRIF_2010\src\User_j\Include\Device\QSPI" -I"E:\Benchmaking_DI\Software\LSIC_2000\DI_SLIC2000\HRIF_2010\src\User_j\Include\Device\Spiflash" -I"E:\Benchmaking_DI\Software\LSIC_2000\DI_SLIC2000\HRIF_2010\src\User_j\Include\Error_Handler" -I"E:\Benchmaking_DI\Software\LSIC_2000\DI_SLIC2000\HRIF_2010\src\User_j\Include\Main" -I"E:\Benchmaking_DI\Software\LSIC_2000\DI_SLIC2000\HRIF_2010\src\User_j\Include\Others" -I"E:\Benchmaking_DI\Software\LSIC_2000\DI_SLIC2000\HRIF_2010\src\User_j\Include\System_State" -I"E:\Benchmaking_DI\Software\LSIC_2000\DI_SLIC2000\HRIF_2010\src\User_y\Include" -I"E:\Benchmaking_DI\Software\LSIC_2000\DI_SLIC2000\HRIF_2010\src\Peripherals\Include" -I"E:\Benchmaking_DI\Software\LSIC_2000\DI_SLIC2000\HRIF_2010\src\User_y\Shell\inc" -I"E:\Benchmaking_DI\Software\LSIC_2000\DI_SLIC2000\HRIF_2010\src\User_j\Include\Device\DPS" -I"E:\Benchmaking_DI\Software\LSIC_2000\DI_SLIC2000\HRIF_2010\src\User_j\Include\Insert_status" -c -fmessage-length=0 -MT"src/User_j/System/Device/Ethernet/Verify/verify.o" -MMD -MP -MF"src/User_j/System/Device/Ethernet/Verify/verify.d" -MT"src/User_j/System/Device/Ethernet/Verify/verify.d" -o "src/User_j/System/Device/Ethernet/Verify/verify.o" "../src/User_j/System/Device/Ethernet/Verify/verify.c"
'Finished building: ../src/User_j/System/Device/Ethernet/Verify/verify.c'
' '
'Building file: ../src/User_j/System/Device/Ethernet/Tcp/tcp_server.c'
'Invoking: ARM gcc compiler'
arm-xilinx-eabi-gcc -Wall -O0 -g3 -I../../HRIF_2010_bsp/ps7_cortexa9_0/include -I"E:\Benchmaking_DI\Software\LSIC_2000\DI_SLIC2000\HRIF_2010\src" -I"E:\Benchmaking_DI\Software\LSIC_2000\DI_SLIC2000\HRIF_2010\src\User_j\Include\Device\Emio" -I"E:\Benchmaking_DI\Software\LSIC_2000\DI_SLIC2000\HRIF_2010\src\User_j\Include\Device\Ethernet" -I"E:\Benchmaking_DI\Software\LSIC_2000\DI_SLIC2000\HRIF_2010\src\User_j\Include\Device\QSPI" -I"E:\Benchmaking_DI\Software\LSIC_2000\DI_SLIC2000\HRIF_2010\src\User_j\Include\Device\Spiflash" -I"E:\Benchmaking_DI\Software\LSIC_2000\DI_SLIC2000\HRIF_2010\src\User_j\Include\Error_Handler" -I"E:\Benchmaking_DI\Software\LSIC_2000\DI_SLIC2000\HRIF_2010\src\User_j\Include\Main" -I"E:\Benchmaking_DI\Software\LSIC_2000\DI_SLIC2000\HRIF_2010\src\User_j\Include\Others" -I"E:\Benchmaking_DI\Software\LSIC_2000\DI_SLIC2000\HRIF_2010\src\User_j\Include\System_State" -I"E:\Benchmaking_DI\Software\LSIC_2000\DI_SLIC2000\HRIF_2010\src\User_y\Include" -I"E:\Benchmaking_DI\Software\LSIC_2000\DI_SLIC2000\HRIF_2010\src\Peripherals\Include" -I"E:\Benchmaking_DI\Software\LSIC_2000\DI_SLIC2000\HRIF_2010\src\User_y\Shell\inc" -I"E:\Benchmaking_DI\Software\LSIC_2000\DI_SLIC2000\HRIF_2010\src\User_j\Include\Device\DPS" -I"E:\Benchmaking_DI\Software\LSIC_2000\DI_SLIC2000\HRIF_2010\src\User_j\Include\Insert_status" -c -fmessage-length=0 -MT"src/User_j/System/Device/Ethernet/Tcp/tcp_server.o" -MMD -MP -MF"src/User_j/System/Device/Ethernet/Tcp/tcp_server.d" -MT"src/User_j/System/Device/Ethernet/Tcp/tcp_server.d" -o "src/User_j/System/Device/Ethernet/Tcp/tcp_server.o" "../src/User_j/System/Device/Ethernet/Tcp/tcp_server.c"
'Finished building: ../src/User_j/System/Device/Ethernet/Tcp/tcp_server.c'
' '
'Building file: ../src/User_j/System/Device/Ethernet/Operation/operation.c'
'Invoking: ARM gcc compiler'
arm-xilinx-eabi-gcc -Wall -O0 -g3 -I../../HRIF_2010_bsp/ps7_cortexa9_0/include -I"E:\Benchmaking_DI\Software\LSIC_2000\DI_SLIC2000\HRIF_2010\src" -I"E:\Benchmaking_DI\Software\LSIC_2000\DI_SLIC2000\HRIF_2010\src\User_j\Include\Device\Emio" -I"E:\Benchmaking_DI\Software\LSIC_2000\DI_SLIC2000\HRIF_2010\src\User_j\Include\Device\Ethernet" -I"E:\Benchmaking_DI\Software\LSIC_2000\DI_SLIC2000\HRIF_2010\src\User_j\Include\Device\QSPI" -I"E:\Benchmaking_DI\Software\LSIC_2000\DI_SLIC2000\HRIF_2010\src\User_j\Include\Device\Spiflash" -I"E:\Benchmaking_DI\Software\LSIC_2000\DI_SLIC2000\HRIF_2010\src\User_j\Include\Error_Handler" -I"E:\Benchmaking_DI\Software\LSIC_2000\DI_SLIC2000\HRIF_2010\src\User_j\Include\Main" -I"E:\Benchmaking_DI\Software\LSIC_2000\DI_SLIC2000\HRIF_2010\src\User_j\Include\Others" -I"E:\Benchmaking_DI\Software\LSIC_2000\DI_SLIC2000\HRIF_2010\src\User_j\Include\System_State" -I"E:\Benchmaking_DI\Software\LSIC_2000\DI_SLIC2000\HRIF_2010\src\User_y\Include" -I"E:\Benchmaking_DI\Software\LSIC_2000\DI_SLIC2000\HRIF_2010\src\Peripherals\Include" -I"E:\Benchmaking_DI\Software\LSIC_2000\DI_SLIC2000\HRIF_2010\src\User_y\Shell\inc" -I"E:\Benchmaking_DI\Software\LSIC_2000\DI_SLIC2000\HRIF_2010\src\User_j\Include\Device\DPS" -I"E:\Benchmaking_DI\Software\LSIC_2000\DI_SLIC2000\HRIF_2010\src\User_j\Include\Insert_status" -c -fmessage-length=0 -MT"src/User_j/System/Device/Ethernet/Operation/operation.o" -MMD -MP -MF"src/User_j/System/Device/Ethernet/Operation/operation.d" -MT"src/User_j/System/Device/Ethernet/Operation/operation.d" -o "src/User_j/System/Device/Ethernet/Operation/operation.o" "../src/User_j/System/Device/Ethernet/Operation/operation.c"
'Finished building: ../src/User_j/System/Device/Ethernet/Operation/operation.c'
' '
'Building file: ../src/User_j/System/Device/Ethernet/App_Layer_Protocol/app_layer_protocol.c'
'Invoking: ARM gcc compiler'
arm-xilinx-eabi-gcc -Wall -O0 -g3 -I../../HRIF_2010_bsp/ps7_cortexa9_0/include -I"E:\Benchmaking_DI\Software\LSIC_2000\DI_SLIC2000\HRIF_2010\src" -I"E:\Benchmaking_DI\Software\LSIC_2000\DI_SLIC2000\HRIF_2010\src\User_j\Include\Device\Emio" -I"E:\Benchmaking_DI\Software\LSIC_2000\DI_SLIC2000\HRIF_2010\src\User_j\Include\Device\Ethernet" -I"E:\Benchmaking_DI\Software\LSIC_2000\DI_SLIC2000\HRIF_2010\src\User_j\Include\Device\QSPI" -I"E:\Benchmaking_DI\Software\LSIC_2000\DI_SLIC2000\HRIF_2010\src\User_j\Include\Device\Spiflash" -I"E:\Benchmaking_DI\Software\LSIC_2000\DI_SLIC2000\HRIF_2010\src\User_j\Include\Error_Handler" -I"E:\Benchmaking_DI\Software\LSIC_2000\DI_SLIC2000\HRIF_2010\src\User_j\Include\Main" -I"E:\Benchmaking_DI\Software\LSIC_2000\DI_SLIC2000\HRIF_2010\src\User_j\Include\Others" -I"E:\Benchmaking_DI\Software\LSIC_2000\DI_SLIC2000\HRIF_2010\src\User_j\Include\System_State" -I"E:\Benchmaking_DI\Software\LSIC_2000\DI_SLIC2000\HRIF_2010\src\User_y\Include" -I"E:\Benchmaking_DI\Software\LSIC_2000\DI_SLIC2000\HRIF_2010\src\Peripherals\Include" -I"E:\Benchmaking_DI\Software\LSIC_2000\DI_SLIC2000\HRIF_2010\src\User_y\Shell\inc" -I"E:\Benchmaking_DI\Software\LSIC_2000\DI_SLIC2000\HRIF_2010\src\User_j\Include\Device\DPS" -I"E:\Benchmaking_DI\Software\LSIC_2000\DI_SLIC2000\HRIF_2010\src\User_j\Include\Insert_status" -c -fmessage-length=0 -MT"src/User_j/System/Device/Ethernet/App_Layer_Protocol/app_layer_protocol.o" -MMD -MP -MF"src/User_j/System/Device/Ethernet/App_Layer_Protocol/app_layer_protocol.d" -MT"src/User_j/System/Device/Ethernet/App_Layer_Protocol/app_layer_protocol.d" -o "src/User_j/System/Device/Ethernet/App_Layer_Protocol/app_layer_protocol.o" "../src/User_j/System/Device/Ethernet/App_Layer_Protocol/app_layer_protocol.c"
'Finished building: ../src/User_j/System/Device/Ethernet/App_Layer_Protocol/app_layer_protocol.c'
' '
'Building file: ../src/User_j/System/Device/Ethernet/Ack/ack.c'
'Invoking: ARM gcc compiler'
arm-xilinx-eabi-gcc -Wall -O0 -g3 -I../../HRIF_2010_bsp/ps7_cortexa9_0/include -I"E:\Benchmaking_DI\Software\LSIC_2000\DI_SLIC2000\HRIF_2010\src" -I"E:\Benchmaking_DI\Software\LSIC_2000\DI_SLIC2000\HRIF_2010\src\User_j\Include\Device\Emio" -I"E:\Benchmaking_DI\Software\LSIC_2000\DI_SLIC2000\HRIF_2010\src\User_j\Include\Device\Ethernet" -I"E:\Benchmaking_DI\Software\LSIC_2000\DI_SLIC2000\HRIF_2010\src\User_j\Include\Device\QSPI" -I"E:\Benchmaking_DI\Software\LSIC_2000\DI_SLIC2000\HRIF_2010\src\User_j\Include\Device\Spiflash" -I"E:\Benchmaking_DI\Software\LSIC_2000\DI_SLIC2000\HRIF_2010\src\User_j\Include\Error_Handler" -I"E:\Benchmaking_DI\Software\LSIC_2000\DI_SLIC2000\HRIF_2010\src\User_j\Include\Main" -I"E:\Benchmaking_DI\Software\LSIC_2000\DI_SLIC2000\HRIF_2010\src\User_j\Include\Others" -I"E:\Benchmaking_DI\Software\LSIC_2000\DI_SLIC2000\HRIF_2010\src\User_j\Include\System_State" -I"E:\Benchmaking_DI\Software\LSIC_2000\DI_SLIC2000\HRIF_2010\src\User_y\Include" -I"E:\Benchmaking_DI\Software\LSIC_2000\DI_SLIC2000\HRIF_2010\src\Peripherals\Include" -I"E:\Benchmaking_DI\Software\LSIC_2000\DI_SLIC2000\HRIF_2010\src\User_y\Shell\inc" -I"E:\Benchmaking_DI\Software\LSIC_2000\DI_SLIC2000\HRIF_2010\src\User_j\Include\Device\DPS" -I"E:\Benchmaking_DI\Software\LSIC_2000\DI_SLIC2000\HRIF_2010\src\User_j\Include\Insert_status" -c -fmessage-length=0 -MT"src/User_j/System/Device/Ethernet/Ack/ack.o" -MMD -MP -MF"src/User_j/System/Device/Ethernet/Ack/ack.d" -MT"src/User_j/System/Device/Ethernet/Ack/ack.d" -o "src/User_j/System/Device/Ethernet/Ack/ack.o" "../src/User_j/System/Device/Ethernet/Ack/ack.c"
'Finished building: ../src/User_j/System/Device/Ethernet/Ack/ack.c'
' '
'Building file: ../src/User_j/System/Device/Emio/system_emio.c'
'Invoking: ARM gcc compiler'
arm-xilinx-eabi-gcc -Wall -O0 -g3 -I../../HRIF_2010_bsp/ps7_cortexa9_0/include -I"E:\Benchmaking_DI\Software\LSIC_2000\DI_SLIC2000\HRIF_2010\src" -I"E:\Benchmaking_DI\Software\LSIC_2000\DI_SLIC2000\HRIF_2010\src\User_j\Include\Device\Emio" -I"E:\Benchmaking_DI\Software\LSIC_2000\DI_SLIC2000\HRIF_2010\src\User_j\Include\Device\Ethernet" -I"E:\Benchmaking_DI\Software\LSIC_2000\DI_SLIC2000\HRIF_2010\src\User_j\Include\Device\QSPI" -I"E:\Benchmaking_DI\Software\LSIC_2000\DI_SLIC2000\HRIF_2010\src\User_j\Include\Device\Spiflash" -I"E:\Benchmaking_DI\Software\LSIC_2000\DI_SLIC2000\HRIF_2010\src\User_j\Include\Error_Handler" -I"E:\Benchmaking_DI\Software\LSIC_2000\DI_SLIC2000\HRIF_2010\src\User_j\Include\Main" -I"E:\Benchmaking_DI\Software\LSIC_2000\DI_SLIC2000\HRIF_2010\src\User_j\Include\Others" -I"E:\Benchmaking_DI\Software\LSIC_2000\DI_SLIC2000\HRIF_2010\src\User_j\Include\System_State" -I"E:\Benchmaking_DI\Software\LSIC_2000\DI_SLIC2000\HRIF_2010\src\User_y\Include" -I"E:\Benchmaking_DI\Software\LSIC_2000\DI_SLIC2000\HRIF_2010\src\Peripherals\Include" -I"E:\Benchmaking_DI\Software\LSIC_2000\DI_SLIC2000\HRIF_2010\src\User_y\Shell\inc" -I"E:\Benchmaking_DI\Software\LSIC_2000\DI_SLIC2000\HRIF_2010\src\User_j\Include\Device\DPS" -I"E:\Benchmaking_DI\Software\LSIC_2000\DI_SLIC2000\HRIF_2010\src\User_j\Include\Insert_status" -c -fmessage-length=0 -MT"src/User_j/System/Device/Emio/system_emio.o" -MMD -MP -MF"src/User_j/System/Device/Emio/system_emio.d" -MT"src/User_j/System/Device/Emio/system_emio.d" -o "src/User_j/System/Device/Emio/system_emio.o" "../src/User_j/System/Device/Emio/system_emio.c"
../src/User_j/System/Device/Emio/system_emio.c:344:11: warning: 'System_Emio_Get' defined but not used [-Wunused-function]
 static u8 System_Emio_Get(XGpioPs *Emio,u8 Pin,u8 *Status)
           ^
'Finished building: ../src/User_j/System/Device/Emio/system_emio.c'
' '
'Building file: ../src/User_j/System/Device/DPS/ISL8272/isl8272.c'
'Invoking: ARM gcc compiler'
arm-xilinx-eabi-gcc -Wall -O0 -g3 -I../../HRIF_2010_bsp/ps7_cortexa9_0/include -I"E:\Benchmaking_DI\Software\LSIC_2000\DI_SLIC2000\HRIF_2010\src" -I"E:\Benchmaking_DI\Software\LSIC_2000\DI_SLIC2000\HRIF_2010\src\User_j\Include\Device\Emio" -I"E:\Benchmaking_DI\Software\LSIC_2000\DI_SLIC2000\HRIF_2010\src\User_j\Include\Device\Ethernet" -I"E:\Benchmaking_DI\Software\LSIC_2000\DI_SLIC2000\HRIF_2010\src\User_j\Include\Device\QSPI" -I"E:\Benchmaking_DI\Software\LSIC_2000\DI_SLIC2000\HRIF_2010\src\User_j\Include\Device\Spiflash" -I"E:\Benchmaking_DI\Software\LSIC_2000\DI_SLIC2000\HRIF_2010\src\User_j\Include\Error_Handler" -I"E:\Benchmaking_DI\Software\LSIC_2000\DI_SLIC2000\HRIF_2010\src\User_j\Include\Main" -I"E:\Benchmaking_DI\Software\LSIC_2000\DI_SLIC2000\HRIF_2010\src\User_j\Include\Others" -I"E:\Benchmaking_DI\Software\LSIC_2000\DI_SLIC2000\HRIF_2010\src\User_j\Include\System_State" -I"E:\Benchmaking_DI\Software\LSIC_2000\DI_SLIC2000\HRIF_2010\src\User_y\Include" -I"E:\Benchmaking_DI\Software\LSIC_2000\DI_SLIC2000\HRIF_2010\src\Peripherals\Include" -I"E:\Benchmaking_DI\Software\LSIC_2000\DI_SLIC2000\HRIF_2010\src\User_y\Shell\inc" -I"E:\Benchmaking_DI\Software\LSIC_2000\DI_SLIC2000\HRIF_2010\src\User_j\Include\Device\DPS" -I"E:\Benchmaking_DI\Software\LSIC_2000\DI_SLIC2000\HRIF_2010\src\User_j\Include\Insert_status" -c -fmessage-length=0 -MT"src/User_j/System/Device/DPS/ISL8272/isl8272.o" -MMD -MP -MF"src/User_j/System/Device/DPS/ISL8272/isl8272.d" -MT"src/User_j/System/Device/DPS/ISL8272/isl8272.d" -o "src/User_j/System/Device/DPS/ISL8272/isl8272.o" "../src/User_j/System/Device/DPS/ISL8272/isl8272.c"
../src/User_j/System/Device/DPS/ISL8272/isl8272.c: In function 'CoverToL11':
../src/User_j/System/Device/DPS/ISL8272/isl8272.c:551:6: warning: variable 'Watch1' set but not used [-Wunused-but-set-variable]
  u16 Watch1;
      ^
'Finished building: ../src/User_j/System/Device/DPS/ISL8272/isl8272.c'
' '
'Building file: ../src/User_j/System/Device/DPS/FPGA_CTRL/fpga_ctrl.c'
'Invoking: ARM gcc compiler'
arm-xilinx-eabi-gcc -Wall -O0 -g3 -I../../HRIF_2010_bsp/ps7_cortexa9_0/include -I"E:\Benchmaking_DI\Software\LSIC_2000\DI_SLIC2000\HRIF_2010\src" -I"E:\Benchmaking_DI\Software\LSIC_2000\DI_SLIC2000\HRIF_2010\src\User_j\Include\Device\Emio" -I"E:\Benchmaking_DI\Software\LSIC_2000\DI_SLIC2000\HRIF_2010\src\User_j\Include\Device\Ethernet" -I"E:\Benchmaking_DI\Software\LSIC_2000\DI_SLIC2000\HRIF_2010\src\User_j\Include\Device\QSPI" -I"E:\Benchmaking_DI\Software\LSIC_2000\DI_SLIC2000\HRIF_2010\src\User_j\Include\Device\Spiflash" -I"E:\Benchmaking_DI\Software\LSIC_2000\DI_SLIC2000\HRIF_2010\src\User_j\Include\Error_Handler" -I"E:\Benchmaking_DI\Software\LSIC_2000\DI_SLIC2000\HRIF_2010\src\User_j\Include\Main" -I"E:\Benchmaking_DI\Software\LSIC_2000\DI_SLIC2000\HRIF_2010\src\User_j\Include\Others" -I"E:\Benchmaking_DI\Software\LSIC_2000\DI_SLIC2000\HRIF_2010\src\User_j\Include\System_State" -I"E:\Benchmaking_DI\Software\LSIC_2000\DI_SLIC2000\HRIF_2010\src\User_y\Include" -I"E:\Benchmaking_DI\Software\LSIC_2000\DI_SLIC2000\HRIF_2010\src\Peripherals\Include" -I"E:\Benchmaking_DI\Software\LSIC_2000\DI_SLIC2000\HRIF_2010\src\User_y\Shell\inc" -I"E:\Benchmaking_DI\Software\LSIC_2000\DI_SLIC2000\HRIF_2010\src\User_j\Include\Device\DPS" -I"E:\Benchmaking_DI\Software\LSIC_2000\DI_SLIC2000\HRIF_2010\src\User_j\Include\Insert_status" -c -fmessage-length=0 -MT"src/User_j/System/Device/DPS/FPGA_CTRL/fpga_ctrl.o" -MMD -MP -MF"src/User_j/System/Device/DPS/FPGA_CTRL/fpga_ctrl.d" -MT"src/User_j/System/Device/DPS/FPGA_CTRL/fpga_ctrl.d" -o "src/User_j/System/Device/DPS/FPGA_CTRL/fpga_ctrl.o" "../src/User_j/System/Device/DPS/FPGA_CTRL/fpga_ctrl.c"
'Finished building: ../src/User_j/System/Device/DPS/FPGA_CTRL/fpga_ctrl.c'
' '
'Building file: ../src/User_j/System/Device/DPS/DPS_Info/dps_info.c'
'Invoking: ARM gcc compiler'
arm-xilinx-eabi-gcc -Wall -O0 -g3 -I../../HRIF_2010_bsp/ps7_cortexa9_0/include -I"E:\Benchmaking_DI\Software\LSIC_2000\DI_SLIC2000\HRIF_2010\src" -I"E:\Benchmaking_DI\Software\LSIC_2000\DI_SLIC2000\HRIF_2010\src\User_j\Include\Device\Emio" -I"E:\Benchmaking_DI\Software\LSIC_2000\DI_SLIC2000\HRIF_2010\src\User_j\Include\Device\Ethernet" -I"E:\Benchmaking_DI\Software\LSIC_2000\DI_SLIC2000\HRIF_2010\src\User_j\Include\Device\QSPI" -I"E:\Benchmaking_DI\Software\LSIC_2000\DI_SLIC2000\HRIF_2010\src\User_j\Include\Device\Spiflash" -I"E:\Benchmaking_DI\Software\LSIC_2000\DI_SLIC2000\HRIF_2010\src\User_j\Include\Error_Handler" -I"E:\Benchmaking_DI\Software\LSIC_2000\DI_SLIC2000\HRIF_2010\src\User_j\Include\Main" -I"E:\Benchmaking_DI\Software\LSIC_2000\DI_SLIC2000\HRIF_2010\src\User_j\Include\Others" -I"E:\Benchmaking_DI\Software\LSIC_2000\DI_SLIC2000\HRIF_2010\src\User_j\Include\System_State" -I"E:\Benchmaking_DI\Software\LSIC_2000\DI_SLIC2000\HRIF_2010\src\User_y\Include" -I"E:\Benchmaking_DI\Software\LSIC_2000\DI_SLIC2000\HRIF_2010\src\Peripherals\Include" -I"E:\Benchmaking_DI\Software\LSIC_2000\DI_SLIC2000\HRIF_2010\src\User_y\Shell\inc" -I"E:\Benchmaking_DI\Software\LSIC_2000\DI_SLIC2000\HRIF_2010\src\User_j\Include\Device\DPS" -I"E:\Benchmaking_DI\Software\LSIC_2000\DI_SLIC2000\HRIF_2010\src\User_j\Include\Insert_status" -c -fmessage-length=0 -MT"src/User_j/System/Device/DPS/DPS_Info/dps_info.o" -MMD -MP -MF"src/User_j/System/Device/DPS/DPS_Info/dps_info.d" -MT"src/User_j/System/Device/DPS/DPS_Info/dps_info.d" -o "src/User_j/System/Device/DPS/DPS_Info/dps_info.o" "../src/User_j/System/Device/DPS/DPS_Info/dps_info.c"
../src/User_j/System/Device/DPS/DPS_Info/dps_info.c: In function 'Dps_Config':
../src/User_j/System/Device/DPS/DPS_Info/dps_info.c:111:13: warning: unused variable 'x1ms' [-Wunused-variable]
  TickType_t x1ms = pdMS_TO_TICKS(1);
             ^
'Finished building: ../src/User_j/System/Device/DPS/DPS_Info/dps_info.c'
' '
'Building file: ../src/User_j/System/Device/DPS/DAC/ad5694.c'
'Invoking: ARM gcc compiler'
arm-xilinx-eabi-gcc -Wall -O0 -g3 -I../../HRIF_2010_bsp/ps7_cortexa9_0/include -I"E:\Benchmaking_DI\Software\LSIC_2000\DI_SLIC2000\HRIF_2010\src" -I"E:\Benchmaking_DI\Software\LSIC_2000\DI_SLIC2000\HRIF_2010\src\User_j\Include\Device\Emio" -I"E:\Benchmaking_DI\Software\LSIC_2000\DI_SLIC2000\HRIF_2010\src\User_j\Include\Device\Ethernet" -I"E:\Benchmaking_DI\Software\LSIC_2000\DI_SLIC2000\HRIF_2010\src\User_j\Include\Device\QSPI" -I"E:\Benchmaking_DI\Software\LSIC_2000\DI_SLIC2000\HRIF_2010\src\User_j\Include\Device\Spiflash" -I"E:\Benchmaking_DI\Software\LSIC_2000\DI_SLIC2000\HRIF_2010\src\User_j\Include\Error_Handler" -I"E:\Benchmaking_DI\Software\LSIC_2000\DI_SLIC2000\HRIF_2010\src\User_j\Include\Main" -I"E:\Benchmaking_DI\Software\LSIC_2000\DI_SLIC2000\HRIF_2010\src\User_j\Include\Others" -I"E:\Benchmaking_DI\Software\LSIC_2000\DI_SLIC2000\HRIF_2010\src\User_j\Include\System_State" -I"E:\Benchmaking_DI\Software\LSIC_2000\DI_SLIC2000\HRIF_2010\src\User_y\Include" -I"E:\Benchmaking_DI\Software\LSIC_2000\DI_SLIC2000\HRIF_2010\src\Peripherals\Include" -I"E:\Benchmaking_DI\Software\LSIC_2000\DI_SLIC2000\HRIF_2010\src\User_y\Shell\inc" -I"E:\Benchmaking_DI\Software\LSIC_2000\DI_SLIC2000\HRIF_2010\src\User_j\Include\Device\DPS" -I"E:\Benchmaking_DI\Software\LSIC_2000\DI_SLIC2000\HRIF_2010\src\User_j\Include\Insert_status" -c -fmessage-length=0 -MT"src/User_j/System/Device/DPS/DAC/ad5694.o" -MMD -MP -MF"src/User_j/System/Device/DPS/DAC/ad5694.d" -MT"src/User_j/System/Device/DPS/DAC/ad5694.d" -o "src/User_j/System/Device/DPS/DAC/ad5694.o" "../src/User_j/System/Device/DPS/DAC/ad5694.c"
'Finished building: ../src/User_j/System/Device/DPS/DAC/ad5694.c'
' '
'Building file: ../src/User_j/System/Device/DPS/ADC/isl28023.c'
'Invoking: ARM gcc compiler'
arm-xilinx-eabi-gcc -Wall -O0 -g3 -I../../HRIF_2010_bsp/ps7_cortexa9_0/include -I"E:\Benchmaking_DI\Software\LSIC_2000\DI_SLIC2000\HRIF_2010\src" -I"E:\Benchmaking_DI\Software\LSIC_2000\DI_SLIC2000\HRIF_2010\src\User_j\Include\Device\Emio" -I"E:\Benchmaking_DI\Software\LSIC_2000\DI_SLIC2000\HRIF_2010\src\User_j\Include\Device\Ethernet" -I"E:\Benchmaking_DI\Software\LSIC_2000\DI_SLIC2000\HRIF_2010\src\User_j\Include\Device\QSPI" -I"E:\Benchmaking_DI\Software\LSIC_2000\DI_SLIC2000\HRIF_2010\src\User_j\Include\Device\Spiflash" -I"E:\Benchmaking_DI\Software\LSIC_2000\DI_SLIC2000\HRIF_2010\src\User_j\Include\Error_Handler" -I"E:\Benchmaking_DI\Software\LSIC_2000\DI_SLIC2000\HRIF_2010\src\User_j\Include\Main" -I"E:\Benchmaking_DI\Software\LSIC_2000\DI_SLIC2000\HRIF_2010\src\User_j\Include\Others" -I"E:\Benchmaking_DI\Software\LSIC_2000\DI_SLIC2000\HRIF_2010\src\User_j\Include\System_State" -I"E:\Benchmaking_DI\Software\LSIC_2000\DI_SLIC2000\HRIF_2010\src\User_y\Include" -I"E:\Benchmaking_DI\Software\LSIC_2000\DI_SLIC2000\HRIF_2010\src\Peripherals\Include" -I"E:\Benchmaking_DI\Software\LSIC_2000\DI_SLIC2000\HRIF_2010\src\User_y\Shell\inc" -I"E:\Benchmaking_DI\Software\LSIC_2000\DI_SLIC2000\HRIF_2010\src\User_j\Include\Device\DPS" -I"E:\Benchmaking_DI\Software\LSIC_2000\DI_SLIC2000\HRIF_2010\src\User_j\Include\Insert_status" -c -fmessage-length=0 -MT"src/User_j/System/Device/DPS/ADC/isl28023.o" -MMD -MP -MF"src/User_j/System/Device/DPS/ADC/isl28023.d" -MT"src/User_j/System/Device/DPS/ADC/isl28023.d" -o "src/User_j/System/Device/DPS/ADC/isl28023.o" "../src/User_j/System/Device/DPS/ADC/isl28023.c"
'Finished building: ../src/User_j/System/Device/DPS/ADC/isl28023.c'
' '
'Building file: ../src/Peripherals/Uartps/Uart1.c'
'Invoking: ARM gcc compiler'
arm-xilinx-eabi-gcc -Wall -O0 -g3 -I../../HRIF_2010_bsp/ps7_cortexa9_0/include -I"E:\Benchmaking_DI\Software\LSIC_2000\DI_SLIC2000\HRIF_2010\src" -I"E:\Benchmaking_DI\Software\LSIC_2000\DI_SLIC2000\HRIF_2010\src\User_j\Include\Device\Emio" -I"E:\Benchmaking_DI\Software\LSIC_2000\DI_SLIC2000\HRIF_2010\src\User_j\Include\Device\Ethernet" -I"E:\Benchmaking_DI\Software\LSIC_2000\DI_SLIC2000\HRIF_2010\src\User_j\Include\Device\QSPI" -I"E:\Benchmaking_DI\Software\LSIC_2000\DI_SLIC2000\HRIF_2010\src\User_j\Include\Device\Spiflash" -I"E:\Benchmaking_DI\Software\LSIC_2000\DI_SLIC2000\HRIF_2010\src\User_j\Include\Error_Handler" -I"E:\Benchmaking_DI\Software\LSIC_2000\DI_SLIC2000\HRIF_2010\src\User_j\Include\Main" -I"E:\Benchmaking_DI\Software\LSIC_2000\DI_SLIC2000\HRIF_2010\src\User_j\Include\Others" -I"E:\Benchmaking_DI\Software\LSIC_2000\DI_SLIC2000\HRIF_2010\src\User_j\Include\System_State" -I"E:\Benchmaking_DI\Software\LSIC_2000\DI_SLIC2000\HRIF_2010\src\User_y\Include" -I"E:\Benchmaking_DI\Software\LSIC_2000\DI_SLIC2000\HRIF_2010\src\Peripherals\Include" -I"E:\Benchmaking_DI\Software\LSIC_2000\DI_SLIC2000\HRIF_2010\src\User_y\Shell\inc" -I"E:\Benchmaking_DI\Software\LSIC_2000\DI_SLIC2000\HRIF_2010\src\User_j\Include\Device\DPS" -I"E:\Benchmaking_DI\Software\LSIC_2000\DI_SLIC2000\HRIF_2010\src\User_j\Include\Insert_status" -c -fmessage-length=0 -MT"src/Peripherals/Uartps/Uart1.o" -MMD -MP -MF"src/Peripherals/Uartps/Uart1.d" -MT"src/Peripherals/Uartps/Uart1.d" -o "src/Peripherals/Uartps/Uart1.o" "../src/Peripherals/Uartps/Uart1.c"
'Finished building: ../src/Peripherals/Uartps/Uart1.c'
' '
'Building file: ../src/Peripherals/Spi/Spi.c'
'Invoking: ARM gcc compiler'
arm-xilinx-eabi-gcc -Wall -O0 -g3 -I../../HRIF_2010_bsp/ps7_cortexa9_0/include -I"E:\Benchmaking_DI\Software\LSIC_2000\DI_SLIC2000\HRIF_2010\src" -I"E:\Benchmaking_DI\Software\LSIC_2000\DI_SLIC2000\HRIF_2010\src\User_j\Include\Device\Emio" -I"E:\Benchmaking_DI\Software\LSIC_2000\DI_SLIC2000\HRIF_2010\src\User_j\Include\Device\Ethernet" -I"E:\Benchmaking_DI\Software\LSIC_2000\DI_SLIC2000\HRIF_2010\src\User_j\Include\Device\QSPI" -I"E:\Benchmaking_DI\Software\LSIC_2000\DI_SLIC2000\HRIF_2010\src\User_j\Include\Device\Spiflash" -I"E:\Benchmaking_DI\Software\LSIC_2000\DI_SLIC2000\HRIF_2010\src\User_j\Include\Error_Handler" -I"E:\Benchmaking_DI\Software\LSIC_2000\DI_SLIC2000\HRIF_2010\src\User_j\Include\Main" -I"E:\Benchmaking_DI\Software\LSIC_2000\DI_SLIC2000\HRIF_2010\src\User_j\Include\Others" -I"E:\Benchmaking_DI\Software\LSIC_2000\DI_SLIC2000\HRIF_2010\src\User_j\Include\System_State" -I"E:\Benchmaking_DI\Software\LSIC_2000\DI_SLIC2000\HRIF_2010\src\User_y\Include" -I"E:\Benchmaking_DI\Software\LSIC_2000\DI_SLIC2000\HRIF_2010\src\Peripherals\Include" -I"E:\Benchmaking_DI\Software\LSIC_2000\DI_SLIC2000\HRIF_2010\src\User_y\Shell\inc" -I"E:\Benchmaking_DI\Software\LSIC_2000\DI_SLIC2000\HRIF_2010\src\User_j\Include\Device\DPS" -I"E:\Benchmaking_DI\Software\LSIC_2000\DI_SLIC2000\HRIF_2010\src\User_j\Include\Insert_status" -c -fmessage-length=0 -MT"src/Peripherals/Spi/Spi.o" -MMD -MP -MF"src/Peripherals/Spi/Spi.d" -MT"src/Peripherals/Spi/Spi.d" -o "src/Peripherals/Spi/Spi.o" "../src/Peripherals/Spi/Spi.c"
'Finished building: ../src/Peripherals/Spi/Spi.c'
' '
'Building file: ../src/Peripherals/SMBus/SMBus.c'
'Invoking: ARM gcc compiler'
[...]
'Finished building: ../src/Peripherals/SMBus/SMBus.c'
' '
'Building file: ../src/Peripherals/Interrupt/Interrupt.c'
'Invoking: ARM gcc compiler'
arm-xilinx-eabi-gcc -Wall -O0 -g3 -I../../HRIF_2010_bsp/ps7_cortexa9_0/include -I"E:\Benchmaking_DI\Software\LSIC_2000\DI_SLIC2000\HRIF_2010\src" -I"E:\Benchmaking_DI\Software\LSIC_2000\DI_SLIC2000\HRIF_2010\src\User_j\Include\Device\Emio" -I"E:\Benchmaking_DI\Software\LSIC_2000\DI_SLIC2000\HRIF_2010\src\User_j\Include\Device\Ethernet" -I"E:\Benchmaking_DI\Software\LSIC_2000\DI_SLIC2000\HRIF_2010\src\User_j\Include\Device\QSPI" -I"E:\Benchmaking_DI\Software\LSIC_2000\DI_SLIC2000\HRIF_2010\src\User_j\Include\Device\Spiflash" -I"E:\Benchmaking_DI\Software\LSIC_2000\DI_SLIC2000\HRIF_2010\src\User_j\Include\Error_Handler" -I"E:\Benchmaking_DI\Software\LSIC_2000\DI_SLIC2000\HRIF_2010\src\User_j\Include\Main" -I"E:\Benchmaking_DI\Software\LSIC_2000\DI_SLIC2000\HRIF_2010\src\User_j\Include\Others" -I"E:\Benchmaking_DI\Software\LSIC_2000\DI_SLIC2000\HRIF_2010\src\User_j\Include\System_State" -I"E:\Benchmaking_DI\Software\LSIC_2000\DI_SLIC2000\HRIF_2010\src\User_y\Include" -I"E:\Benchmaking_DI\Software\LSIC_2000\DI_SLIC2000\HRIF_2010\src\Peripherals\Include" -I"E:\Benchmaking_DI\Software\LSIC_2000\DI_SLIC2000\HRIF_2010\src\User_y\Shell\inc" -I"E:\Benchmaking_DI\Software\LSIC_2000\DI_SLIC2000\HRIF_2010\src\User_j\Include\Device\DPS" -I"E:\Benchmaking_DI\Software\LSIC_2000\DI_SLIC2000\HRIF_2010\src\User_j\Include\Insert_status" -c -fmessage-length=0 -MT"src/Peripherals/Interrupt/Interrupt.o" -MMD -MP -MF"src/Peripherals/Interrupt/Interrupt.d" -MT"src/Peripherals/Interrupt/Interrupt.d" -o "src/Peripherals/Interrupt/Interrupt.o" "../src/Peripherals/Interrupt/Interrupt.c"
'Finished building: ../src/Peripherals/Interrupt/Interrupt.c'
' '
'Building file: ../src/Peripherals/IIC/IIC.c'
'Invoking: ARM gcc compiler'
arm-xilinx-eabi-gcc -Wall -O0 -g3 -I../../HRIF_2010_bsp/ps7_cortexa9_0/include -I"E:\Benchmaking_DI\Software\LSIC_2000\DI_SLIC2000\HRIF_2010\src" -I"E:\Benchmaking_DI\Software\LSIC_2000\DI_SLIC2000\HRIF_2010\src\User_j\Include\Device\Emio" -I"E:\Benchmaking_DI\Software\LSIC_2000\DI_SLIC2000\HRIF_2010\src\User_j\Include\Device\Ethernet" -I"E:\Benchmaking_DI\Software\LSIC_2000\DI_SLIC2000\HRIF_2010\src\User_j\Include\Device\QSPI" -I"E:\Benchmaking_DI\Software\LSIC_2000\DI_SLIC2000\HRIF_2010\src\User_j\Include\Device\Spiflash" -I"E:\Benchmaking_DI\Software\LSIC_2000\DI_SLIC2000\HRIF_2010\src\User_j\Include\Error_Handler" -I"E:\Benchmaking_DI\Software\LSIC_2000\DI_SLIC2000\HRIF_2010\src\User_j\Include\Main" -I"E:\Benchmaking_DI\Software\LSIC_2000\DI_SLIC2000\HRIF_2010\src\User_j\Include\Others" -I"E:\Benchmaking_DI\Software\LSIC_2000\DI_SLIC2000\HRIF_2010\src\User_j\Include\System_State" -I"E:\Benchmaking_DI\Software\LSIC_2000\DI_SLIC2000\HRIF_2010\src\User_y\Include" -I"E:\Benchmaking_DI\Software\LSIC_2000\DI_SLIC2000\HRIF_2010\src\Peripherals\Include" -I"E:\Benchmaking_DI\Software\LSIC_2000\DI_SLIC2000\HRIF_2010\src\User_y\Shell\inc" -I"E:\Benchmaking_DI\Software\LSIC_2000\DI_SLIC2000\HRIF_2010\src\User_j\Include\Device\DPS" -I"E:\Benchmaking_DI\Software\LSIC_2000\DI_SLIC2000\HRIF_2010\src\User_j\Include\Insert_status" -c -fmessage-length=0 -MT"src/Peripherals/IIC/IIC.o" -MMD -MP -MF"src/Peripherals/IIC/IIC.d" -MT"src/Peripherals/IIC/IIC.d" -o "src/Peripherals/IIC/IIC.o" "../src/Peripherals/IIC/IIC.c"
'Finished building: ../src/Peripherals/IIC/IIC.c'
' '
'Building file: ../src/Peripherals/Gpio/Gpio.c'
'Invoking: ARM gcc compiler'
arm-xilinx-eabi-gcc -Wall -O0 -g3 -I../../HRIF_2010_bsp/ps7_cortexa9_0/include -I"E:\Benchmaking_DI\Software\LSIC_2000\DI_SLIC2000\HRIF_2010\src" -I"E:\Benchmaking_DI\Software\LSIC_2000\DI_SLIC2000\HRIF_2010\src\User_j\Include\Device\Emio" -I"E:\Benchmaking_DI\Software\LSIC_2000\DI_SLIC2000\HRIF_2010\src\User_j\Include\Device\Ethernet" -I"E:\Benchmaking_DI\Software\LSIC_2000\DI_SLIC2000\HRIF_2010\src\User_j\Include\Device\QSPI" -I"E:\Benchmaking_DI\Software\LSIC_2000\DI_SLIC2000\HRIF_2010\src\User_j\Include\Device\Spiflash" -I"E:\Benchmaking_DI\Software\LSIC_2000\DI_SLIC2000\HRIF_2010\src\User_j\Include\Error_Handler" -I"E:\Benchmaking_DI\Software\LSIC_2000\DI_SLIC2000\HRIF_2010\src\User_j\Include\Main" -I"E:\Benchmaking_DI\Software\LSIC_2000\DI_SLIC2000\HRIF_2010\src\User_j\Include\Others" -I"E:\Benchmaking_DI\Software\LSIC_2000\DI_SLIC2000\HRIF_2010\src\User_j\Include\System_State" -I"E:\Benchmaking_DI\Software\LSIC_2000\DI_SLIC2000\HRIF_2010\src\User_y\Include" -I"E:\Benchmaking_DI\Software\LSIC_2000\DI_SLIC2000\HRIF_2010\src\Peripherals\Include" -I"E:\Benchmaking_DI\Software\LSIC_2000\DI_SLIC2000\HRIF_2010\src\User_y\Shell\inc" -I"E:\Benchmaking_DI\Software\LSIC_2000\DI_SLIC2000\HRIF_2010\src\User_j\Include\Device\DPS" -I"E:\Benchmaking_DI\Software\LSIC_2000\DI_SLIC2000\HRIF_2010\src\User_j\Include\Insert_status" -c -fmessage-length=0 -MT"src/Peripherals/Gpio/Gpio.o" -MMD -MP -MF"src/Peripherals/Gpio/Gpio.d" -MT"src/Peripherals/Gpio/Gpio.d" -o "src/Peripherals/Gpio/Gpio.o" "../src/Peripherals/Gpio/Gpio.c"
'Finished building: ../src/Peripherals/Gpio/Gpio.c'
' '
'Building file: ../src/Peripherals/Assist/Error.c'
'Invoking: ARM gcc compiler'
arm-xilinx-eabi-gcc -Wall -O0 -g3 -I../../HRIF_2010_bsp/ps7_cortexa9_0/include -I"E:\Benchmaking_DI\Software\LSIC_2000\DI_SLIC2000\HRIF_2010\src" -I"E:\Benchmaking_DI\Software\LSIC_2000\DI_SLIC2000\HRIF_2010\src\User_j\Include\Device\Emio" -I"E:\Benchmaking_DI\Software\LSIC_2000\DI_SLIC2000\HRIF_2010\src\User_j\Include\Device\Ethernet" -I"E:\Benchmaking_DI\Software\LSIC_2000\DI_SLIC2000\HRIF_2010\src\User_j\Include\Device\QSPI" -I"E:\Benchmaking_DI\Software\LSIC_2000\DI_SLIC2000\HRIF_2010\src\User_j\Include\Device\Spiflash" -I"E:\Benchmaking_DI\Software\LSIC_2000\DI_SLIC2000\HRIF_2010\src\User_j\Include\Error_Handler" -I"E:\Benchmaking_DI\Software\LSIC_2000\DI_SLIC2000\HRIF_2010\src\User_j\Include\Main" -I"E:\Benchmaking_DI\Software\LSIC_2000\DI_SLIC2000\HRIF_2010\src\User_j\Include\Others" -I"E:\Benchmaking_DI\Software\LSIC_2000\DI_SLIC2000\HRIF_2010\src\User_j\Include\System_State" -I"E:\Benchmaking_DI\Software\LSIC_2000\DI_SLIC2000\HRIF_2010\src\User_y\Include" -I"E:\Benchmaking_DI\Software\LSIC_2000\DI_SLIC2000\HRIF_2010\src\Peripherals\Include" -I"E:\Benchmaking_DI\Software\LSIC_2000\DI_SLIC2000\HRIF_2010\src\User_y\Shell\inc" -I"E:\Benchmaking_DI\Software\LSIC_2000\DI_SLIC2000\HRIF_2010\src\User_j\Include\Device\DPS" -I"E:\Benchmaking_DI\Software\LSIC_2000\DI_SLIC2000\HRIF_2010\src\User_j\Include\Insert_status" -c -fmessage-length=0 -MT"src/Peripherals/Assist/Error.o" -MMD -MP -MF"src/Peripherals/Assist/Error.d" -MT"src/Peripherals/Assist/Error.d" -o "src/Peripherals/Assist/Error.o" "../src/Peripherals/Assist/Error.c"
'Finished building: ../src/Peripherals/Assist/Error.c'
' '
'Building file: ../src/GlobalRef.c'
'Invoking: ARM gcc compiler'
arm-xilinx-eabi-gcc -Wall -O0 -g3 -I../../HRIF_2010_bsp/ps7_cortexa9_0/include -I"E:\Benchmaking_DI\Software\LSIC_2000\DI_SLIC2000\HRIF_2010\src" -I"E:\Benchmaking_DI\Software\LSIC_2000\DI_SLIC2000\HRIF_2010\src\User_j\Include\Device\Emio" -I"E:\Benchmaking_DI\Software\LSIC_2000\DI_SLIC2000\HRIF_2010\src\User_j\Include\Device\Ethernet" -I"E:\Benchmaking_DI\Software\LSIC_2000\DI_SLIC2000\HRIF_2010\src\User_j\Include\Device\QSPI" -I"E:\Benchmaking_DI\Software\LSIC_2000\DI_SLIC2000\HRIF_2010\src\User_j\Include\Device\Spiflash" -I"E:\Benchmaking_DI\Software\LSIC_2000\DI_SLIC2000\HRIF_2010\src\User_j\Include\Error_Handler" -I"E:\Benchmaking_DI\Software\LSIC_2000\DI_SLIC2000\HRIF_2010\src\User_j\Include\Main" -I"E:\Benchmaking_DI\Software\LSIC_2000\DI_SLIC2000\HRIF_2010\src\User_j\Include\Others" -I"E:\Benchmaking_DI\Software\LSIC_2000\DI_SLIC2000\HRIF_2010\src\User_j\Include\System_State" -I"E:\Benchmaking_DI\Software\LSIC_2000\DI_SLIC2000\HRIF_2010\src\User_y\Include" -I"E:\Benchmaking_DI\Software\LSIC_2000\DI_SLIC2000\HRIF_2010\src\Peripherals\Include" -I"E:\Benchmaking_DI\Software\LSIC_2000\DI_SLIC2000\HRIF_2010\src\User_y\Shell\inc" -I"E:\Benchmaking_DI\Software\LSIC_2000\DI_SLIC2000\HRIF_2010\src\User_j\Include\Device\DPS" -I"E:\Benchmaking_DI\Software\LSIC_2000\DI_SLIC2000\HRIF_2010\src\User_j\Include\Insert_status" -c -fmessage-length=0 -MT"src/GlobalRef.o" -MMD -MP -MF"src/GlobalRef.d" -MT"src/GlobalRef.d" -o "src/GlobalRef.o" "../src/GlobalRef.c"
'Finished building: ../src/GlobalRef.c'
' '
'Building target: HRIF_2010.elf'
'Invoking: ARM gcc linker'
arm-xilinx-eabi-gcc -Wl,-T -Wl,../src/lscript.ld -L../../HRIF_2010_bsp/ps7_cortexa9_0/lib -o "HRIF_2010.elf"  ./src/User_y/Version/Hw_Ver.o  ./src/User_y/Storage/eeprom.o  ./src/User_y/Shell/src/shell.o ./src/User_y/Shell/src/shell_cmd_list.o ./src/User_y/Shell/src/shell_ext.o ./src/User_y/Shell/src/shell_port.o  ./src/User_y/Max9972/Max528.o ./src/User_y/Max9972/Max9972.o  ./src/User_y/IO/IO.o  ./src/User_y/Dev_Ctl/Driver.o ./src/User_y/Dev_Ctl/Reserve.o ./src/User_y/Dev_Ctl/SystemInfo.o ./src/User_y/Dev_Ctl/fpga.o  ./src/User_y/Debug/Debug.o  ./src/User_y/DataStruct/orderstruct.o  ./src/User_y/DS1337_RTC/DS1337.o  ./src/User_y/ADS8688/Ads8688.o  ./src/User_j/System/System_State/system_state.o  ./src/User_j/System/Main/main.o  ./src/User_j/System/Error_Handler/error_handler.o  ./src/User_j/System/Device/Spiflash/w25q256.o  ./src/User_j/System/Device/QSPI/QSPI_Device/mt25ql512.o  ./src/User_j/System/Device/QSPI/QSPI_BUS/qspi_bus.o  ./src/User_j/System/Device/Insert_status/insert_status.o  ./src/User_j/System/Device/Ethernet/Verify/verify.o  ./src/User_j/System/Device/Ethernet/Tcp/tcp_server.o  ./src/User_j/System/Device/Ethernet/Operation/operation.o  ./src/User_j/System/Device/Ethernet/App_Layer_Protocol/app_layer_protocol.o  ./src/User_j/System/Device/Ethernet/Ack/ack.o  ./src/User_j/System/Device/Emio/system_emio.o  ./src/User_j/System/Device/DPS/ISL8272/isl8272.o  ./src/User_j/System/Device/DPS/FPGA_CTRL/fpga_ctrl.o  ./src/User_j/System/Device/DPS/DPS_Info/dps_info.o  ./src/User_j/System/Device/DPS/DAC/ad5694.o  ./src/User_j/System/Device/DPS/ADC/isl28023.o  ./src/Peripherals/Uartps/Uart1.o  ./src/Peripherals/Spi/Spi.o  ./src/Peripherals/SMBus/SMBus.o  ./src/Peripherals/Interrupt/Interrupt.o  ./src/Peripherals/IIC/IIC.o  ./src/Peripherals/Gpio/Gpio.o  ./src/Peripherals/Assist/Error.o  ./src/GlobalRef.o   -Wl,--start-group,-lxil,-lfreertos,-lgcc,-lc,--end-group -Wl,--start-group,-lxil,-llwip4,-lgcc,-lc,--end-group
'Finished building target: HRIF_2010.elf'
' '
'Invoking: ARM Print Size'
arm-xilinx-eabi-size HRIF_2010.elf  |tee "HRIF_2010.elf.size"
   text	   data	    bss	    dec	    hex	filename
 336436	   6080	44079408	44421924	2a5d324	HRIF_2010.elf
'Finished building: HRIF_2010.elf.size'
' '
17:19:25 **** Auto Build of configuration Debug for project HRIF_2010 ****
make all 
'Building file: ../src/User_y/Debug/Debug.c'
'Invoking: ARM gcc compiler'
arm-xilinx-eabi-gcc -Wall -O0 -g3 -I../../HRIF_2010_bsp/ps7_cortexa9_0/include -I"E:\Benchmaking_DI\Software\LSIC_2000\DI_SLIC2000\HRIF_2010\src" -I"E:\Benchmaking_DI\Software\LSIC_2000\DI_SLIC2000\HRIF_2010\src\User_j\Include\Device\Emio" -I"E:\Benchmaking_DI\Software\LSIC_2000\DI_SLIC2000\HRIF_2010\src\User_j\Include\Device\Ethernet" -I"E:\Benchmaking_DI\Software\LSIC_2000\DI_SLIC2000\HRIF_2010\src\User_j\Include\Device\QSPI" -I"E:\Benchmaking_DI\Software\LSIC_2000\DI_SLIC2000\HRIF_2010\src\User_j\Include\Device\Spiflash" -I"E:\Benchmaking_DI\Software\LSIC_2000\DI_SLIC2000\HRIF_2010\src\User_j\Include\Error_Handler" -I"E:\Benchmaking_DI\Software\LSIC_2000\DI_SLIC2000\HRIF_2010\src\User_j\Include\Main" -I"E:\Benchmaking_DI\Software\LSIC_2000\DI_SLIC2000\HRIF_2010\src\User_j\Include\Others" -I"E:\Benchmaking_DI\Software\LSIC_2000\DI_SLIC2000\HRIF_2010\src\User_j\Include\System_State" -I"E:\Benchmaking_DI\Software\LSIC_2000\DI_SLIC2000\HRIF_2010\src\User_y\Include" -I"E:\Benchmaking_DI\Software\LSIC_2000\DI_SLIC2000\HRIF_2010\src\Peripherals\Include" -I"E:\Benchmaking_DI\Software\LSIC_2000\DI_SLIC2000\HRIF_2010\src\User_y\Shell\inc" -I"E:\Benchmaking_DI\Software\LSIC_2000\DI_SLIC2000\HRIF_2010\src\User_j\Include\Device\DPS" -I"E:\Benchmaking_DI\Software\LSIC_2000\DI_SLIC2000\HRIF_2010\src\User_j\Include\Insert_status" -c -fmessage-length=0 -MT"src/User_y/Debug/Debug.o" -MMD -MP -MF"src/User_y/Debug/Debug.d" -MT"src/User_y/Debug/Debug.d" -o "src/User_y/Debug/Debug.o" "../src/User_y/Debug/Debug.c"
'Finished building: ../src/User_y/Debug/Debug.c'
' '
'Building target: HRIF_2010.elf'
'Invoking: ARM gcc linker'
arm-xilinx-eabi-gcc -Wl,-T -Wl,../src/lscript.ld -L../../HRIF_2010_bsp/ps7_cortexa9_0/lib -o "HRIF_2010.elf"  ./src/User_y/Version/Hw_Ver.o  ./src/User_y/Storage/eeprom.o  ./src/User_y/Shell/src/shell.o ./src/User_y/Shell/src/shell_cmd_list.o ./src/User_y/Shell/src/shell_ext.o ./src/User_y/Shell/src/shell_port.o  ./src/User_y/Max9972/Max528.o ./src/User_y/Max9972/Max9972.o  ./src/User_y/IO/IO.o  ./src/User_y/Dev_Ctl/Driver.o ./src/User_y/Dev_Ctl/Reserve.o ./src/User_y/Dev_Ctl/SystemInfo.o ./src/User_y/Dev_Ctl/fpga.o  ./src/User_y/Debug/Debug.o  ./src/User_y/DataStruct/orderstruct.o  ./src/User_y/DS1337_RTC/DS1337.o  ./src/User_y/ADS8688/Ads8688.o  ./src/User_j/System/System_State/system_state.o  ./src/User_j/System/Main/main.o  ./src/User_j/System/Error_Handler/error_handler.o  ./src/User_j/System/Device/Spiflash/w25q256.o  ./src/User_j/System/Device/QSPI/QSPI_Device/mt25ql512.o  ./src/User_j/System/Device/QSPI/QSPI_BUS/qspi_bus.o  ./src/User_j/System/Device/Insert_status/insert_status.o  ./src/User_j/System/Device/Ethernet/Verify/verify.o  ./src/User_j/System/Device/Ethernet/Tcp/tcp_server.o  ./src/User_j/System/Device/Ethernet/Operation/operation.o  ./src/User_j/System/Device/Ethernet/App_Layer_Protocol/app_layer_protocol.o  ./src/User_j/System/Device/Ethernet/Ack/ack.o  ./src/User_j/System/Device/Emio/system_emio.o  ./src/User_j/System/Device/DPS/ISL8272/isl8272.o  ./src/User_j/System/Device/DPS/FPGA_CTRL/fpga_ctrl.o  ./src/User_j/System/Device/DPS/DPS_Info/dps_info.o  ./src/User_j/System/Device/DPS/DAC/ad5694.o  ./src/User_j/System/Device/DPS/ADC/isl28023.o  ./src/Peripherals/Uartps/Uart1.o  ./src/Peripherals/Spi/Spi.o  ./src/Peripherals/SMBus/SMBus.o  ./src/Peripherals/Interrupt/Interrupt.o  ./src/Peripherals/IIC/IIC.o  ./src/Peripherals/Gpio/Gpio.o  ./src/Peripherals/Assist/Error.o  ./src/GlobalRef.o   -Wl,--start-group,-lxil,-lfreertos,-lgcc,-lc,--end-group -Wl,--start-group,-lxil,-llwip4,-lgcc,-lc,--end-group
'Finished building target: HRIF_2010.elf'
' '
'Invoking: ARM Print Size'
arm-xilinx-eabi-size HRIF_2010.elf  |tee "HRIF_2010.elf.size"
   text	   data	    bss	    dec	    hex	filename
 336452	   6080	44079408	44421940	2a5d334	HRIF_2010.elf
'Finished building: HRIF_2010.elf.size'
' '
17:19:30 **** Auto Build of configuration Debug for project fsbl ****
make all 
'Building file: ../src/fsbl_hooks.c'
'Invoking: ARM gcc compiler'
arm-xilinx-eabi-gcc -Wall -O0 -g3 -I"E:\Benchmaking_DI\Software\LSIC_2000\DI_SLIC2000\pl008_chk201207_n_hw_platform_0" -c -fmessage-length=0 -MT"src/fsbl_hooks.o" -I../../fsbl_bsp/ps7_cortexa9_0/include -MMD -MP -MF"src/fsbl_hooks.d" -MT"src/fsbl_hooks.d" -o "src/fsbl_hooks.o" "../src/fsbl_hooks.c"
'Finished building: ../src/fsbl_hooks.c'
' '
'Building file: ../src/image_mover.c'
'Invoking: ARM gcc compiler'
arm-xilinx-eabi-gcc -Wall -O0 -g3 -I"E:\Benchmaking_DI\Software\LSIC_2000\DI_SLIC2000\pl008_chk201207_n_hw_platform_0" -c -fmessage-length=0 -MT"src/image_mover.o" -I../../fsbl_bsp/ps7_cortexa9_0/include -MMD -MP -MF"src/image_mover.d" -MT"src/image_mover.d" -o "src/image_mover.o" "../src/image_mover.c"
'Finished building: ../src/image_mover.c'
' '
'Building file: ../src/main.c'
'Invoking: ARM gcc compiler'
arm-xilinx-eabi-gcc -Wall -O0 -g3 -I"E:\Benchmaking_DI\Software\LSIC_2000\DI_SLIC2000\pl008_chk201207_n_hw_platform_0" -c -fmessage-length=0 -MT"src/main.o" -I../../fsbl_bsp/ps7_cortexa9_0/include -MMD -MP -MF"src/main.d" -MT"src/main.d" -o "src/main.o" "../src/main.c"
'Finished building: ../src/main.c'
' '
'Building file: ../src/md5.c'
'Invoking: ARM gcc compiler'
arm-xilinx-eabi-gcc -Wall -O0 -g3 -I"E:\Benchmaking_DI\Software\LSIC_2000\DI_SLIC2000\pl008_chk201207_n_hw_platform_0" -c -fmessage-length=0 -MT"src/md5.o" -I../../fsbl_bsp/ps7_cortexa9_0/include -MMD -MP -MF"src/md5.d" -MT"src/md5.d" -o "src/md5.o" "../src/md5.c"
'Finished building: ../src/md5.c'
' '
'Building file: ../src/nand.c'
'Invoking: ARM gcc compiler'
arm-xilinx-eabi-gcc -Wall -O0 -g3 -I"E:\Benchmaking_DI\Software\LSIC_2000\DI_SLIC2000\pl008_chk201207_n_hw_platform_0" -c -fmessage-length=0 -MT"src/nand.o" -I../../fsbl_bsp/ps7_cortexa9_0/include -MMD -MP -MF"src/nand.d" -MT"src/nand.d" -o "src/nand.o" "../src/nand.c"
'Finished building: ../src/nand.c'
' '
'Building file: ../src/nor.c'
'Invoking: ARM gcc compiler'
arm-xilinx-eabi-gcc -Wall -O0 -g3 -I"E:\Benchmaking_DI\Software\LSIC_2000\DI_SLIC2000\pl008_chk201207_n_hw_platform_0" -c -fmessage-length=0 -MT"src/nor.o" -I../../fsbl_bsp/ps7_cortexa9_0/include -MMD -MP -MF"src/nor.d" -MT"src/nor.d" -o "src/nor.o" "../src/nor.c"
'Finished building: ../src/nor.c'
' '
'Building file: ../src/pcap.c'
'Invoking: ARM gcc compiler'
arm-xilinx-eabi-gcc -Wall -O0 -g3 -I"E:\Benchmaking_DI\Software\LSIC_2000\DI_SLIC2000\pl008_chk201207_n_hw_platform_0" -c -fmessage-length=0 -MT"src/pcap.o" -I../../fsbl_bsp/ps7_cortexa9_0/include -MMD -MP -MF"src/pcap.d" -MT"src/pcap.d" -o "src/pcap.o" "../src/pcap.c"
'Finished building: ../src/pcap.c'
' '
'Building file: E:/Benchmaking_DI/Software/LSIC_2000/DI_SLIC2000/pl008_chk201207_n_hw_platform_0/ps7_init.c'
'Invoking: ARM gcc compiler'
arm-xilinx-eabi-gcc -Wall -O0 -g3 -I"E:\Benchmaking_DI\Software\LSIC_2000\DI_SLIC2000\pl008_chk201207_n_hw_platform_0" -c -fmessage-length=0 -MT"src/ps7_init.o" -I../../fsbl_bsp/ps7_cortexa9_0/include -MMD -MP -MF"src/ps7_init.d" -MT"src/ps7_init.d" -o "src/ps7_init.o" "E:/Benchmaking_DI/Software/LSIC_2000/DI_SLIC2000/pl008_chk201207_n_hw_platform_0/ps7_init.c"
'Finished building: E:/Benchmaking_DI/Software/LSIC_2000/DI_SLIC2000/pl008_chk201207_n_hw_platform_0/ps7_init.c'
' '
'Building file: ../src/qspi.c'
'Invoking: ARM gcc compiler'
arm-xilinx-eabi-gcc -Wall -O0 -g3 -I"E:\Benchmaking_DI\Software\LSIC_2000\DI_SLIC2000\pl008_chk201207_n_hw_platform_0" -c -fmessage-length=0 -MT"src/qspi.o" -I../../fsbl_bsp/ps7_cortexa9_0/include -MMD -MP -MF"src/qspi.d" -MT"src/qspi.d" -o "src/qspi.o" "../src/qspi.c"
'Finished building: ../src/qspi.c'
' '
'Building file: ../src/rsa.c'
'Invoking: ARM gcc compiler'
arm-xilinx-eabi-gcc -Wall -O0 -g3 -I"E:\Benchmaking_DI\Software\LSIC_2000\DI_SLIC2000\pl008_chk201207_n_hw_platform_0" -c -fmessage-length=0 -MT"src/rsa.o" -I../../fsbl_bsp/ps7_cortexa9_0/include -MMD -MP -MF"src/rsa.d" -MT"src/rsa.d" -o "src/rsa.o" "../src/rsa.c"
'Finished building: ../src/rsa.c'
' '
'Building file: ../src/sd.c'
'Invoking: ARM gcc compiler'
arm-xilinx-eabi-gcc -Wall -O0 -g3 -I"E:\Benchmaking_DI\Software\LSIC_2000\DI_SLIC2000\pl008_chk201207_n_hw_platform_0" -c -fmessage-length=0 -MT"src/sd.o" -I../../fsbl_bsp/ps7_cortexa9_0/include -MMD -MP -MF"src/sd.d" -MT"src/sd.d" -o "src/sd.o" "../src/sd.c"
'Finished building: ../src/sd.c'
' '
'Building target: fsbl.elf'
'Invoking: ARM gcc linker'
arm-xilinx-eabi-gcc -L"E:\Benchmaking_DI\Software\LSIC_2000\DI_SLIC2000\fsbl\src" -Wl,-T -Wl,../src/lscript.ld -L../../fsbl_bsp/ps7_cortexa9_0/lib -o "fsbl.elf"  ./src/fsbl_handoff.o ./src/fsbl_hooks.o ./src/image_mover.o ./src/main.o ./src/md5.o ./src/nand.o ./src/nor.o ./src/pcap.o ./src/ps7_init.o ./src/qspi.o ./src/rsa.o ./src/sd.o   -lrsa -Wl,--start-group,-lxil,-lgcc,-lc,--end-group -Wl,--start-group,-lxilffs,-lxil,-lgcc,-lc,--end-group -Wl,--start-group,-lrsa,-lxil,-lgcc,-lc,--end-group
'Finished building target: fsbl.elf'
' '
'Invoking: ARM Print Size'
arm-xilinx-eabi-size fsbl.elf  |tee "fsbl.elf.size"
   text	   data	    bss	    dec	    hex	filename
  77116	  12052	  74308	 163476	  27e94	fsbl.elf
'Finished building: fsbl.elf.size'
' '
